Archive member included to satisfy reference by file (symbol)

../src/ASF/thirdparty/wireless/ble_smart_sdk/lib/cm0/gcc\libblusdk.a(event.o)
                              src/ASF/thirdparty/wireless/ble_smart_sdk/ble_services/ble_mgr/ble_manager.o (at_ble_event_get)
../src/ASF/thirdparty/wireless/ble_smart_sdk/lib/cm0/gcc\libblusdk.a(gap.o)
                              src/ASF/thirdparty/wireless/ble_smart_sdk/ble_services/ble_mgr/ble_manager.o (at_ble_device_name_set)
../src/ASF/thirdparty/wireless/ble_smart_sdk/lib/cm0/gcc\libblusdk.a(gatt_client.o)
                              ../src/ASF/thirdparty/wireless/ble_smart_sdk/lib/cm0/gcc\libblusdk.a(gap.o) (init_gatt_client_module)
../src/ASF/thirdparty/wireless/ble_smart_sdk/lib/cm0/gcc\libblusdk.a(gatt_server.o)
                              ../src/ASF/thirdparty/wireless/ble_smart_sdk/lib/cm0/gcc\libblusdk.a(gap.o) (initi_gatt_server_module)
../src/ASF/thirdparty/wireless/ble_smart_sdk/lib/cm0/gcc\libblusdk.a(l2cc_task.o)
                              ../src/ASF/thirdparty/wireless/ble_smart_sdk/lib/cm0/gcc\libblusdk.a(gap.o) (init_l2cc_task_module)
../src/ASF/thirdparty/wireless/ble_smart_sdk/lib/cm0/gcc\libblusdk.a(security.o)
                              src/ASF/thirdparty/wireless/ble_smart_sdk/ble_services/ble_mgr/ble_manager.o (at_ble_authenticate)
../src/ASF/thirdparty/wireless/ble_smart_sdk/lib/cm0/gcc\libblusdk.a(interface.o)
                              ../src/ASF/thirdparty/wireless/ble_smart_sdk/lib/cm0/gcc\libblusdk.a(gap.o) (rx_callback)
../src/ASF/thirdparty/wireless/ble_smart_sdk/lib/cm0/gcc\libblusdk.a(calib_task.o)
                              ../src/ASF/thirdparty/wireless/ble_smart_sdk/lib/cm0/gcc\libblusdk.a(gap.o) (calib_config)
../src/ASF/thirdparty/wireless/ble_smart_sdk/lib/cm0/gcc\libblusdk.a(dbg_task.o)
                              ../src/ASF/thirdparty/wireless/ble_smart_sdk/lib/cm0/gcc\libblusdk.a(gap.o) (dbg_le_set_bd_addr_req_handler)
../src/ASF/thirdparty/wireless/ble_smart_sdk/lib/cm0/gcc\libblusdk.a(gapc_task.o)
                              ../src/ASF/thirdparty/wireless/ble_smart_sdk/lib/cm0/gcc\libblusdk.a(security.o) (check_ConnData_idx_role)
../src/ASF/thirdparty/wireless/ble_smart_sdk/lib/cm0/gcc\libblusdk.a(gapm_task.o)
                              ../src/ASF/thirdparty/wireless/ble_smart_sdk/lib/cm0/gcc\libblusdk.a(gap.o) (gapm_reset_req_handler)
../src/ASF/thirdparty/wireless/ble_smart_sdk/lib/cm0/gcc\libblusdk.a(gattc_task.o)
                              ../src/ASF/thirdparty/wireless/ble_smart_sdk/lib/cm0/gcc\libblusdk.a(gatt_server.o) (gattc_read_req_ind_parser)
../src/ASF/thirdparty/wireless/ble_smart_sdk/lib/cm0/gcc\libblusdk.a(gattm_task.o)
                              ../src/ASF/thirdparty/wireless/ble_smart_sdk/lib/cm0/gcc\libblusdk.a(gatt_server.o) (gattm_add_svc_req_handler)
../src/ASF/thirdparty/wireless/ble_smart_sdk/lib/cm0/gcc\libblusdk.a(htpt_task.o)
                              ../src/ASF/thirdparty/wireless/ble_smart_sdk/lib/cm0/gcc\libblusdk.a(event.o) (htpt_enable_rsp_handler)
d:/program files (x86)/atmel/studio/7.0/toolchain/arm/arm-gnu-toolchain/bin/../lib/gcc/arm-none-eabi/6.3.1/thumb/v6-m\libgcc.a(_thumb1_case_sqi.o)
                              ../src/ASF/thirdparty/wireless/ble_smart_sdk/lib/cm0/gcc\libblusdk.a(gap.o) (__gnu_thumb1_case_sqi)
d:/program files (x86)/atmel/studio/7.0/toolchain/arm/arm-gnu-toolchain/bin/../lib/gcc/arm-none-eabi/6.3.1/thumb/v6-m\libgcc.a(_thumb1_case_uqi.o)
                              ../src/ASF/thirdparty/wireless/ble_smart_sdk/lib/cm0/gcc\libblusdk.a(gap.o) (__gnu_thumb1_case_uqi)
d:/program files (x86)/atmel/studio/7.0/toolchain/arm/arm-gnu-toolchain/bin/../lib/gcc/arm-none-eabi/6.3.1/thumb/v6-m\libgcc.a(_udivsi3.o)
                              src/ASF/sam0/drivers/uart/uart.o (__aeabi_uidiv)
d:/program files (x86)/atmel/studio/7.0/toolchain/arm/arm-gnu-toolchain/bin/../lib/gcc/arm-none-eabi/6.3.1/thumb/v6-m\libgcc.a(_dvmd_tls.o)
                              d:/program files (x86)/atmel/studio/7.0/toolchain/arm/arm-gnu-toolchain/bin/../lib/gcc/arm-none-eabi/6.3.1/thumb/v6-m\libgcc.a(_udivsi3.o) (__aeabi_idiv0)
d:/program files (x86)/atmel/studio/7.0/toolchain/arm/arm-gnu-toolchain/bin/../lib/gcc/arm-none-eabi/6.3.1/thumb/v6-m\libgcc.a(_fixunsdfsi.o)
                              src/ASF/thirdparty/wireless/ble_smart_sdk/services/uart/console_serial.o (__aeabi_d2uiz)
d:/program files (x86)/atmel/studio/7.0/toolchain/arm/arm-gnu-toolchain/bin/../lib/gcc/arm-none-eabi/6.3.1/thumb/v6-m\libgcc.a(mulsf3.o)
                              ../src/ASF/thirdparty/wireless/ble_smart_sdk/lib/cm0/gcc\libblusdk.a(calib_task.o) (__aeabi_fmul)
d:/program files (x86)/atmel/studio/7.0/toolchain/arm/arm-gnu-toolchain/bin/../lib/gcc/arm-none-eabi/6.3.1/thumb/v6-m\libgcc.a(floatunsisf.o)
                              ../src/ASF/thirdparty/wireless/ble_smart_sdk/lib/cm0/gcc\libblusdk.a(calib_task.o) (__aeabi_ui2f)
[...]
Memory Configuration

Name             Origin             Length             Attributes
ram              0x10008000         0x00017800         xrw
lram             0x1001f800         0x00000800         xrw
*default*        0x00000000         0xffffffff

Linker script and memory map

LOAD d:/program files (x86)/atmel/studio/7.0/toolchain/arm/arm-gnu-toolchain/bin/../lib/gcc/arm-none-eabi/6.3.1/thumb/v6-m/crti.o
LOAD d:/program files (x86)/atmel/studio/7.0/toolchain/arm/arm-gnu-toolchain/bin/../lib/gcc/arm-none-eabi/6.3.1/thumb/v6-m/crtbegin.o
LOAD d:/program files (x86)/atmel/studio/7.0/toolchain/arm/arm-gnu-toolchain/bin/../lib/gcc/arm-none-eabi/6.3.1/../../../../arm-none-eabi/lib/thumb/v6-m/crt0.o
LOAD src/ASF/common/utils/interrupt/interrupt_sam_nvic.o
LOAD src/ASF/sam0/boards/samb11_xplained_pro/board_init.o
LOAD src/ASF/sam0/drivers/dualtimer/dualtimer.o
LOAD src/ASF/sam0/drivers/gpio/gpio.o
LOAD src/ASF/sam0/drivers/system/system_sam_b.o
LOAD src/ASF/sam0/drivers/timer/timer.o
LOAD src/ASF/sam0/drivers/uart/uart.o
LOAD src/ASF/sam0/utils/cmsis/samb11/source/gcc/startup_samb11.o
LOAD src/ASF/sam0/utils/cmsis/samb11/source/system_samb11.o
LOAD src/ASF/sam0/utils/stdio/read.o
LOAD src/ASF/sam0/utils/stdio/write.o
LOAD src/ASF/sam0/utils/syscalls/gcc/syscalls.o
LOAD src/ASF/thirdparty/wireless/ble_smart_sdk/ble_services/ble_mgr/ble_manager.o
LOAD src/ASF/thirdparty/wireless/ble_smart_sdk/services/dualtimer/timer_hw.o
LOAD src/ASF/thirdparty/wireless/ble_smart_sdk/services/gpio/button.o
LOAD src/ASF/thirdparty/wireless/ble_smart_sdk/services/gpio/led.o
LOAD src/ASF/thirdparty/wireless/ble_smart_sdk/services/uart/console_serial.o
LOAD src/ASF/thirdparty/wireless/ble_smart_sdk/src/event_handler.o
LOAD src/ASF/thirdparty/wireless/ble_smart_sdk/src/platform_drv.o
LOAD src/ASF/thirdparty/wireless/ble_smart_sdk/src/port_from_sdk.o
LOAD src/simple_broadcaster_app.o
START GROUP
LOAD ../src/ASF/thirdparty/CMSIS/Lib/GCC\libarm_cortexM0l_math.a
LOAD ../src/ASF/thirdparty/wireless/ble_smart_sdk/lib/cm0/gcc\libblusdk.a
LOAD d:/program files (x86)/atmel/studio/7.0/toolchain/arm/arm-gnu-toolchain/bin/../lib/gcc/arm-none-eabi/6.3.1/../../../../arm-none-eabi/lib/thumb/v6-m\libm.a
END GROUP
START GROUP
LOAD d:/program files (x86)/atmel/studio/7.0/toolchain/arm/arm-gnu-toolchain/bin/../lib/gcc/arm-none-eabi/6.3.1/thumb/v6-m\libgcc.a
LOAD d:/program files (x86)/atmel/studio/7.0/toolchain/arm/arm-gnu-toolchain/bin/../lib/gcc/arm-none-eabi/6.3.1/../../../../arm-none-eabi/lib/thumb/v6-m\libc_nano.a
END GROUP
START GROUP
LOAD d:/program files (x86)/atmel/studio/7.0/toolchain/arm/arm-gnu-toolchain/bin/../lib/gcc/arm-none-eabi/6.3.1/thumb/v6-m\libgcc.a
LOAD d:/program files (x86)/atmel/studio/7.0/toolchain/arm/arm-gnu-toolchain/bin/../lib/gcc/arm-none-eabi/6.3.1/../../../../arm-none-eabi/lib/thumb/v6-m\libc_nano.a
END GROUP
LOAD d:/program files (x86)/atmel/studio/7.0/toolchain/arm/arm-gnu-toolchain/bin/../lib/gcc/arm-none-eabi/6.3.1/thumb/v6-m/crtend.o
LOAD d:/program files (x86)/atmel/studio/7.0/toolchain/arm/arm-gnu-toolchain/bin/../lib/gcc/arm-none-eabi/6.3.1/thumb/v6-m/crtn.o
                0x00000800                STACK_SIZE = DEFINED (STACK_SIZE)?STACK_SIZE:DEFINED (__stack_size__)?__stack_size__:0x800

.text           0x10008000     0x8890
                0x10008000                . = ALIGN (0x4)
                0x10008000                _sfixed = .
 *(.test.main .text.app_entry)
 .text.app_entry
                0x10008000       0x7c src/ASF/sam0/utils/cmsis/samb11/source/gcc/startup_samb11.o
                0x10008000                app_entry
 *(.text .text.* .gnu.linkonce.t.*)
 .text          0x1000807c       0x60 d:/program files (x86)/atmel/studio/7.0/toolchain/arm/arm-gnu-toolchain/bin/../lib/gcc/arm-none-eabi/6.3.1/thumb/v6-m/crtbegin.o
 .text.gpio_get_config_defaults
                0x100080dc        0xe src/ASF/sam0/drivers/gpio/gpio.o
                0x100080dc                gpio_get_config_defaults
 *fill*         0x100080ea        0x2 
 .text.gpio_pin_set_config
                0x100080ec      0x1b8 src/ASF/sam0/drivers/gpio/gpio.o
                0x100080ec                gpio_pin_set_config
 .text.gpio_pin_set_output_level
                0x100082a4       0x8c src/ASF/sam0/drivers/gpio/gpio.o
                0x100082a4                gpio_pin_set_output_level
 .text.gpio_pinmux_cofiguration
                0x10008330      0x148 src/ASF/sam0/drivers/gpio/gpio.o
                0x10008330                gpio_pinmux_cofiguration
 .text.system_clock_config
                0x10008478       0x84 src/ASF/sam0/drivers/system/system_sam_b.o
                0x10008478                system_clock_config
 .text.system_clock_get_value
                0x100084fc        0xc src/ASF/sam0/drivers/system/system_sam_b.o
                0x100084fc                system_clock_get_value
 .text.system_clock_peripheral_enable
                0x10008508      0x35c src/ASF/sam0/drivers/system/system_sam_b.o
                0x10008508                system_clock_peripheral_enable
 .text.system_peripheral_reset
                0x10008864      0x458 src/ASF/sam0/drivers/system/system_sam_b.o
                0x10008864                system_peripheral_reset
 .text.system_register_isr
                0x10008cbc        0xe src/ASF/sam0/drivers/system/system_sam_b.o
                0x10008cbc                system_register_isr
 *fill*         0x10008cca        0x2 
 .text.uart_rx0_isr_handler
                0x10008ccc       0x8c src/ASF/sam0/drivers/uart/uart.o
 .text.uart_tx0_isr_handler
                0x10008d58       0x90 src/ASF/sam0/drivers/uart/uart.o
 .text.uart_rx1_isr_handler
                0x10008de8       0x8c src/ASF/sam0/drivers/uart/uart.o
 .text.uart_tx1_isr_handler
                0x10008e74       0x90 src/ASF/sam0/drivers/uart/uart.o
 .text.uart_get_config_defaults
                0x10008f04       0x2a src/ASF/sam0/drivers/uart/uart.o
                0x10008f04                uart_get_config_defaults
 *fill*         0x10008f2e        0x2 
 .text.uart_init
                0x10008f30      0x1b4 src/ASF/sam0/drivers/uart/uart.o
                0x10008f30                uart_init
 .text.uart_write_wait
                0x100090e4       0x10 src/ASF/sam0/drivers/uart/uart.o
                0x100090e4                uart_write_wait
 .text.uart_read_wait
                0x100090f4       0x12 src/ASF/sam0/drivers/uart/uart.o
                0x100090f4                uart_read_wait
 .text.uart_read_buffer_job
                0x10009106       0x2a src/ASF/sam0/drivers/uart/uart.o
                0x10009106                uart_read_buffer_job
 .text.uart_register_callback
                0x10009130       0x16 src/ASF/sam0/drivers/uart/uart.o
                0x10009130                uart_register_callback
 .text.uart_enable_callback
                0x10009146       0x20 src/ASF/sam0/drivers/uart/uart.o
                0x10009146                uart_enable_callback
 .text.uart_disable_callback
                0x10009166       0x20 src/ASF/sam0/drivers/uart/uart.o
                0x10009166                uart_disable_callback
 *fill*         0x10009186        0x2 
 .text._read    0x10009188       0x44 src/ASF/sam0/utils/stdio/read.o
                0x10009188                _read
 .text._write   0x100091cc       0x50 src/ASF/sam0/utils/stdio/write.o
                0x100091cc                _write
 .text._sbrk    0x1000921c       0x24 src/ASF/sam0/utils/syscalls/gcc/syscalls.o
                0x1000921c                _sbrk
 .text._close   0x10009240        0x6 src/ASF/sam0/utils/syscalls/gcc/syscalls.o
                0x10009240                _close
 .text._fstat   0x10009246        0xa src/ASF/sam0/utils/syscalls/gcc/syscalls.o
                0x10009246                _fstat
 .text._isatty  0x10009250        0x4 src/ASF/sam0/utils/syscalls/gcc/syscalls.o
                0x10009250                _isatty
 .text._lseek   0x10009254        0x4 src/ASF/sam0/utils/syscalls/gcc/syscalls.o
                0x10009254                _lseek
 .text.ble_undefined_event_handler
                0x10009258        0x4 src/ASF/thirdparty/wireless/ble_smart_sdk/ble_services/ble_mgr/ble_manager.o
                0x10009258                ble_undefined_event_handler
 .text.ble_mtu_changed_indication_handler
                0x1000925c        0x4 src/ASF/thirdparty/wireless/ble_smart_sdk/ble_services/ble_mgr/ble_manager.o
                0x1000925c                ble_mtu_changed_indication_handler
 .text.ble_characteristic_write_cmd_complete_handler
                0x10009260        0xa src/ASF/thirdparty/wireless/ble_smart_sdk/ble_services/ble_mgr/ble_manager.o
                0x10009260                ble_characteristic_write_cmd_complete_handler
 .text.ble_conn_param_update
                0x1000926a        0x4 src/ASF/thirdparty/wireless/ble_smart_sdk/ble_services/ble_mgr/ble_manager.o
                0x1000926a                ble_conn_param_update
 *fill*         0x1000926e        0x2 
 .text.ble_scan_report_handler
                0x10009270       0x2c src/ASF/thirdparty/wireless/ble_smart_sdk/ble_services/ble_mgr/ble_manager.o
                0x10009270                ble_scan_report_handler
 .text.ble_mtu_changed_cmd_complete_handler
                0x1000929c       0x30 src/ASF/thirdparty/wireless/ble_smart_sdk/ble_services/ble_mgr/ble_manager.o
                0x1000929c                ble_mtu_changed_cmd_complete_handler
 .text.ble_disconnected_state_handler
                0x100092cc       0x8c src/ASF/thirdparty/wireless/ble_smart_sdk/ble_services/ble_mgr/ble_manager.o
                0x100092cc                ble_disconnected_state_handler
 .text.ble_encryption_status_change_handler
                0x10009358       0xbc src/ASF/thirdparty/wireless/ble_smart_sdk/ble_services/ble_mgr/ble_manager.o
                0x10009358                ble_encryption_status_change_handler
 .text.ble_scan_info_handler
                0x10009414       0x84 src/ASF/thirdparty/wireless/ble_smart_sdk/ble_services/ble_mgr/ble_manager.o
                0x10009414                ble_scan_info_handler
 .text.ble_resolv_rand_addr_handler
                0x10009498       0xb8 src/ASF/thirdparty/wireless/ble_smart_sdk/ble_services/ble_mgr/ble_manager.o
                0x10009498                ble_resolv_rand_addr_handler
 .text.ble_connected_state_handler
                0x10009550      0x20c src/ASF/thirdparty/wireless/ble_smart_sdk/ble_services/ble_mgr/ble_manager.o
                0x10009550                ble_connected_state_handler
 .text.ble_pair_done_handler
                0x1000975c      0x118 src/ASF/thirdparty/wireless/ble_smart_sdk/ble_services/ble_mgr/ble_manager.o
                0x1000975c                ble_pair_done_handler
 .text.ble_conn_param_update_req
                0x10009874       0x18 src/ASF/thirdparty/wireless/ble_smart_sdk/ble_services/ble_mgr/ble_manager.o
                0x10009874                ble_conn_param_update_req
 .text.ble_slave_security_request_handler
                0x1000988c      0x1fc src/ASF/thirdparty/wireless/ble_smart_sdk/ble_services/ble_mgr/ble_manager.o
                0x1000988c                ble_slave_security_request_handler
 .text.ble_pair_request_handler
                0x10009a88      0x164 src/ASF/thirdparty/wireless/ble_smart_sdk/ble_services/ble_mgr/ble_manager.o
                0x10009a88                ble_pair_request_handler
 .text.ble_pair_key_request_handler
                0x10009bec      0x154 src/ASF/thirdparty/wireless/ble_smart_sdk/ble_services/ble_mgr/ble_manager.o
                0x10009bec                ble_pair_key_request_handler
 .text.ble_encryption_request_handler
                0x10009d40       0xec src/ASF/thirdparty/wireless/ble_smart_sdk/ble_services/ble_mgr/ble_manager.o
                0x10009d40                ble_encryption_request_handler
 .text.ble_mgr_events_callback_handler
                0x10009e2c       0xc4 src/ASF/thirdparty/wireless/ble_smart_sdk/ble_services/ble_mgr/ble_manager.o
                0x10009e2c                ble_mgr_events_callback_handler
 .text.ble_device_init
                0x10009ef0      0x2b0 src/ASF/thirdparty/wireless/ble_smart_sdk/ble_services/ble_mgr/ble_manager.o
                0x10009ef0                ble_device_init
 .text.led_init
                0x1000a1a0       0x28 src/ASF/thirdparty/wireless/ble_smart_sdk/services/gpio/led.o
                0x1000a1a0                led_init
 .text.uart_read_complete_callback
                0x1000a1c8       0x54 src/ASF/thirdparty/wireless/ble_smart_sdk/services/uart/console_serial.o
 .text.usart_serial_getchar
                0x1000a21c       0x18 src/ASF/thirdparty/wireless/ble_smart_sdk/services/uart/console_serial.o
 .text.usart_serial_putchar
                0x1000a234       0x18 src/ASF/thirdparty/wireless/ble_smart_sdk/services/uart/console_serial.o
 .text.serial_console_init
                0x1000a24c       0xa8 src/ASF/thirdparty/wireless/ble_smart_sdk/services/uart/console_serial.o
                0x1000a24c                serial_console_init
 .text._time_start
                0x1000a2f4       0x58 src/ASF/thirdparty/wireless/ble_smart_sdk/services/uart/console_serial.o
                0x1000a2f4                _time_start
 .text._time_done
                0x1000a34c       0x10 src/ASF/thirdparty/wireless/ble_smart_sdk/services/uart/console_serial.o
                0x1000a34c                _time_done
 .text.getchar_b11_timeout
                0x1000a35c       0x6c src/ASF/thirdparty/wireless/ble_smart_sdk/services/uart/console_serial.o
                0x1000a35c                getchar_b11_timeout
 .text.platform_event_free
                0x1000a3c8       0x10 src/ASF/thirdparty/wireless/ble_smart_sdk/src/event_handler.o
                0x1000a3c8                platform_event_free
 .text.platform_event_post
                0x1000a3d8       0x38 src/ASF/thirdparty/wireless/ble_smart_sdk/src/event_handler.o
                0x1000a3d8                platform_event_post
 .text.platform_event_init
                0x1000a410       0x30 src/ASF/thirdparty/wireless/ble_smart_sdk/src/event_handler.o
                0x1000a410                platform_event_init
 .text.at_ke_msg_send
                0x1000a440       0x78 src/ASF/thirdparty/wireless/ble_smart_sdk/src/platform_drv.o
 .text.samb11_plf_resume_callback
                0x1000a4b8       0x2c src/ASF/thirdparty/wireless/ble_smart_sdk/src/platform_drv.o
                0x1000a4b8                samb11_plf_resume_callback
 .text.init_port_list
                0x1000a4e4       0x44 src/ASF/thirdparty/wireless/ble_smart_sdk/src/platform_drv.o
                0x1000a4e4                init_port_list
 .text.init_clock
                0x1000a528       0x30 src/ASF/thirdparty/wireless/ble_smart_sdk/src/platform_drv.o
                0x1000a528                init_clock
 .text.platform_driver_init
                0x1000a558      0x244 src/ASF/thirdparty/wireless/ble_smart_sdk/src/platform_drv.o
                0x1000a558                platform_driver_init
 .text.platform_register_ble_msg_handler
                0x1000a79c       0x20 src/ASF/thirdparty/wireless/ble_smart_sdk/src/platform_drv.o
                0x1000a79c                platform_register_ble_msg_handler
 .text.platform_interface_send
                0x1000a7bc       0x50 src/ASF/thirdparty/wireless/ble_smart_sdk/src/platform_drv.o
                0x1000a7bc                platform_interface_send
 .text.platform_event_wait
                0x1000a80c      0x268 src/ASF/thirdparty/wireless/ble_smart_sdk/src/platform_drv.o
                0x1000a80c                platform_event_wait
 .text.acquire_sleep_lock
                0x1000aa74       0x14 src/ASF/thirdparty/wireless/ble_smart_sdk/src/platform_drv.o
                0x1000aa74                acquire_sleep_lock
 .text.release_message_lock
                0x1000aa88       0x14 src/ASF/thirdparty/wireless/ble_smart_sdk/src/platform_drv.o
                0x1000aa88                release_message_lock
 .text.gpio1_combined_isr_handler
                0x1000aa9c       0x70 src/ASF/thirdparty/wireless/ble_smart_sdk/src/port_from_sdk.o
                0x1000aa9c                gpio1_combined_isr_handler
 .text.gpio0_combined_isr_handler
                0x1000ab0c       0x70 src/ASF/thirdparty/wireless/ble_smart_sdk/src/port_from_sdk.o
                0x1000ab0c                gpio0_combined_isr_handler
 .text.PORT1_COMB_Handler
                0x1000ab7c       0x44 src/ASF/thirdparty/wireless/ble_smart_sdk/src/port_from_sdk.o
                0x1000ab7c                PORT1_COMB_Handler
 .text.wakeup_int_unregister_callback
                0x1000abc0       0x1c src/ASF/thirdparty/wireless/ble_smart_sdk/src/port_from_sdk.o
                0x1000abc0                wakeup_int_unregister_callback
 .text.wakeup_active_event_callback
                0x1000abdc       0x60 src/ASF/thirdparty/wireless/ble_smart_sdk/src/port_from_sdk.o
                0x1000abdc                wakeup_active_event_callback
 .text.main     0x1000ac3c      0x2f4 src/simple_broadcaster_app.o
                0x1000ac3c                main
 .text.internal_event_post
                0x1000af30       0x5c ../src/ASF/thirdparty/wireless/ble_smart_sdk/lib/cm0/gcc\libblusdk.a(event.o)
                0x1000af30                internal_event_post
 .text.internal_event_init
                0x1000af8c       0x2c ../src/ASF/thirdparty/wireless/ble_smart_sdk/lib/cm0/gcc\libblusdk.a(event.o)
                0x1000af8c                internal_event_init
 .text.special_events_handler
                0x1000afb8       0x90 ../src/ASF/thirdparty/wireless/ble_smart_sdk/lib/cm0/gcc\libblusdk.a(event.o)
                0x1000afb8                special_events_handler
 .text.at_ble_event_get
                0x1000b048      0x6d8 ../src/ASF/thirdparty/wireless/ble_smart_sdk/lib/cm0/gcc\libblusdk.a(event.o)
                0x1000b048                at_ble_event_get
 .text.internal_event_flush
                0x1000b720       0x44 ../src/ASF/thirdparty/wireless/ble_smart_sdk/lib/cm0/gcc\libblusdk.a(event.o)
                0x1000b720                internal_event_flush
 .text.internal_conn_flush
                0x1000b764       0x54 ../src/ASF/thirdparty/wireless/ble_smart_sdk/lib/cm0/gcc\libblusdk.a(event.o)
                0x1000b764                internal_conn_flush
 .text.at_ble_device_name_set
                0x1000b7b8       0x34 ../src/ASF/thirdparty/wireless/ble_smart_sdk/lib/cm0/gcc\libblusdk.a(gap.o)
                0x1000b7b8                at_ble_device_name_set
 .text.at_ble_addr_get
                0x1000b7ec       0x24 ../src/ASF/thirdparty/wireless/ble_smart_sdk/lib/cm0/gcc\libblusdk.a(gap.o)
                0x1000b7ec                at_ble_addr_get
 .text.at_ble_set_dev_config
                0x1000b810       0x90 ../src/ASF/thirdparty/wireless/ble_smart_sdk/lib/cm0/gcc\libblusdk.a(gap.o)
                0x1000b810                at_ble_set_dev_config
 .text.at_ble_init
                0x1000b8a0      0x1b4 ../src/ASF/thirdparty/wireless/ble_smart_sdk/lib/cm0/gcc\libblusdk.a(gap.o)
                0x1000b8a0                at_ble_init
 .text.at_ble_addr_set
                0x1000ba54       0x54 ../src/ASF/thirdparty/wireless/ble_smart_sdk/lib/cm0/gcc\libblusdk.a(gap.o)
                0x1000ba54                at_ble_addr_set
 .text.at_ble_adv_data_set
                0x1000baa8       0x84 ../src/ASF/thirdparty/wireless/ble_smart_sdk/lib/cm0/gcc\libblusdk.a(gap.o)
                0x1000baa8                at_ble_adv_data_set
 .text.at_ble_adv_start
                0x1000bb2c      0x13c ../src/ASF/thirdparty/wireless/ble_smart_sdk/lib/cm0/gcc\libblusdk.a(gap.o)
                0x1000bb2c                at_ble_adv_start
 .text.at_ble_scan_stop
                0x1000bc68       0x20 ../src/ASF/thirdparty/wireless/ble_smart_sdk/lib/cm0/gcc\libblusdk.a(gap.o)
                0x1000bc68                at_ble_scan_stop
 .text.at_ble_disconnect
                0x1000bc88       0x20 ../src/ASF/thirdparty/wireless/ble_smart_sdk/lib/cm0/gcc\libblusdk.a(gap.o)
                0x1000bc88                at_ble_disconnect
 .text.at_ble_conn_update_reply
                0x1000bca8        0xc ../src/ASF/thirdparty/wireless/ble_smart_sdk/lib/cm0/gcc\libblusdk.a(gap.o)
                0x1000bca8                at_ble_conn_update_reply
 .text.at_ble_random_address_resolve
                0x1000bcb4       0x28 ../src/ASF/thirdparty/wireless/ble_smart_sdk/lib/cm0/gcc\libblusdk.a(gap.o)
                0x1000bcb4                at_ble_random_address_resolve
 .text.at_ble_uuid_len2type
                0x1000bcdc       0x14 ../src/ASF/thirdparty/wireless/ble_smart_sdk/lib/cm0/gcc\libblusdk.a(gap.o)
                0x1000bcdc                at_ble_uuid_len2type
 .text.init_gatt_client_module
                0x1000bcf0        0xc ../src/ASF/thirdparty/wireless/ble_smart_sdk/lib/cm0/gcc\libblusdk.a(gatt_client.o)
                0x1000bcf0                init_gatt_client_module
 .text.db_searchATT
                0x1000bcfc       0x40 ../src/ASF/thirdparty/wireless/ble_smart_sdk/lib/cm0/gcc\libblusdk.a(gatt_server.o)
 .text.at_ble_read_authorize_reply.part.1
                0x1000bd3c       0x30 ../src/ASF/thirdparty/wireless/ble_smart_sdk/lib/cm0/gcc\libblusdk.a(gatt_server.o)
 .text.initi_gatt_server_module
                0x1000bd6c       0x3c ../src/ASF/thirdparty/wireless/ble_smart_sdk/lib/cm0/gcc\libblusdk.a(gatt_server.o)
                0x1000bd6c                initi_gatt_server_module
 .text.db_init  0x1000bda8       0x44 ../src/ASF/thirdparty/wireless/ble_smart_sdk/lib/cm0/gcc\libblusdk.a(gatt_server.o)
                0x1000bda8                db_init
 .text.at_ble_characteristic_value_set
                0x1000bdec       0x3c ../src/ASF/thirdparty/wireless/ble_smart_sdk/lib/cm0/gcc\libblusdk.a(gatt_server.o)
                0x1000bdec                at_ble_characteristic_value_set
 .text.at_ble_characteristic_value_get
                0x1000be28       0x40 ../src/ASF/thirdparty/wireless/ble_smart_sdk/lib/cm0/gcc\libblusdk.a(gatt_server.o)
                0x1000be28                at_ble_characteristic_value_get
 .text.at_ble_write_authorize_reply
                0x1000be68       0x88 ../src/ASF/thirdparty/wireless/ble_smart_sdk/lib/cm0/gcc\libblusdk.a(gatt_server.o)
                0x1000be68                at_ble_write_authorize_reply
 .text.gatts_handle_read_req
                0x1000bef0       0x30 ../src/ASF/thirdparty/wireless/ble_smart_sdk/lib/cm0/gcc\libblusdk.a(gatt_server.o)
                0x1000bef0                gatts_handle_read_req
 .text.gatts_handle_att_info_req
                0x1000bf20       0x3c ../src/ASF/thirdparty/wireless/ble_smart_sdk/lib/cm0/gcc\libblusdk.a(gatt_server.o)
                0x1000bf20                gatts_handle_att_info_req
 .text.gatts_handle_write_req
                0x1000bf5c       0x30 ../src/ASF/thirdparty/wireless/ble_smart_sdk/lib/cm0/gcc\libblusdk.a(gatt_server.o)
                0x1000bf5c                gatts_handle_write_req
 .text.init_l2cc_task_module
                0x1000bf8c        0xc ../src/ASF/thirdparty/wireless/ble_smart_sdk/lib/cm0/gcc\libblusdk.a(l2cc_task.o)
                0x1000bf8c                init_l2cc_task_module
 .text.l2cc_data_send_rsp_handler
                0x1000bf98       0x2c ../src/ASF/thirdparty/wireless/ble_smart_sdk/lib/cm0/gcc\libblusdk.a(l2cc_task.o)
                0x1000bf98                l2cc_data_send_rsp_handler
 .text.l2cc_data_received_handler
                0x1000bfc4       0x30 ../src/ASF/thirdparty/wireless/ble_smart_sdk/lib/cm0/gcc\libblusdk.a(l2cc_task.o)
                0x1000bfc4                l2cc_data_received_handler
 .text.at_ble_authenticate
                0x1000bff4      0x130 ../src/ASF/thirdparty/wireless/ble_smart_sdk/lib/cm0/gcc\libblusdk.a(security.o)
                0x1000bff4                at_ble_authenticate
 .text.at_ble_pair_key_reply
                0x1000c124       0x7c ../src/ASF/thirdparty/wireless/ble_smart_sdk/lib/cm0/gcc\libblusdk.a(security.o)
                0x1000c124                at_ble_pair_key_reply
 .text.at_ble_encryption_start
                0x1000c1a0       0x78 ../src/ASF/thirdparty/wireless/ble_smart_sdk/lib/cm0/gcc\libblusdk.a(security.o)
                0x1000c1a0                at_ble_encryption_start
 .text.at_ble_encryption_request_reply
                0x1000c218       0x34 ../src/ASF/thirdparty/wireless/ble_smart_sdk/lib/cm0/gcc\libblusdk.a(security.o)
                0x1000c218                at_ble_encryption_request_reply
 .text.rx_callback
                0x1000c24c       0x98 ../src/ASF/thirdparty/wireless/ble_smart_sdk/lib/cm0/gcc\libblusdk.a(interface.o)
                0x1000c24c                rx_callback
 .text.interface_send
                0x1000c2e4       0x10 ../src/ASF/thirdparty/wireless/ble_smart_sdk/lib/cm0/gcc\libblusdk.a(interface.o)
                0x1000c2e4                interface_send
 .text.interface_init
                0x1000c2f4       0x48 ../src/ASF/thirdparty/wireless/ble_smart_sdk/lib/cm0/gcc\libblusdk.a(interface.o)
                0x1000c2f4                interface_init
 .text.platform_cmd_cmpl_signal
                0x1000c33c        0xc ../src/ASF/thirdparty/wireless/ble_smart_sdk/lib/cm0/gcc\libblusdk.a(interface.o)
                0x1000c33c                platform_cmd_cmpl_signal
 .text.platform_cmd_cmpl_wait
                0x1000c348       0x2c ../src/ASF/thirdparty/wireless/ble_smart_sdk/lib/cm0/gcc\libblusdk.a(interface.o)
                0x1000c348                platform_cmd_cmpl_wait
 .text.start_timer
                0x1000c374        0x2 ../src/ASF/thirdparty/wireless/ble_smart_sdk/lib/cm0/gcc\libblusdk.a(interface.o)
                0x1000c374                start_timer
 .text.stop_timer
                0x1000c376        0x2 ../src/ASF/thirdparty/wireless/ble_smart_sdk/lib/cm0/gcc\libblusdk.a(interface.o)
                0x1000c376                stop_timer
 .text.dbg_le_set_bd_addr_req_handler
                0x1000c378       0x7c ../src/ASF/thirdparty/wireless/ble_smart_sdk/lib/cm0/gcc\libblusdk.a(dbg_task.o)
                0x1000c378                dbg_le_set_bd_addr_req_handler
 .text.gapc_get_dev_info_cfm.constprop.1
                0x1000c3f4       0xc0 ../src/ASF/thirdparty/wireless/ble_smart_sdk/lib/cm0/gcc\libblusdk.a(gapc_task.o)
 .text.check_ConnData_idx_role
                0x1000c4b4       0x3c ../src/ASF/thirdparty/wireless/ble_smart_sdk/lib/cm0/gcc\libblusdk.a(gapc_task.o)
                0x1000c4b4                check_ConnData_idx_role
 .text.check_ConnData_emptyEntry
                0x1000c4f0       0x28 ../src/ASF/thirdparty/wireless/ble_smart_sdk/lib/cm0/gcc\libblusdk.a(gapc_task.o)
                0x1000c4f0                check_ConnData_emptyEntry
 .text.gapc_cmp_evt
                0x1000c518       0xd0 ../src/ASF/thirdparty/wireless/ble_smart_sdk/lib/cm0/gcc\libblusdk.a(gapc_task.o)
                0x1000c518                gapc_cmp_evt
 .text.gapc_connection_cfm_handler
                0x1000c5e8       0xc4 ../src/ASF/thirdparty/wireless/ble_smart_sdk/lib/cm0/gcc\libblusdk.a(gapc_task.o)
                0x1000c5e8                gapc_connection_cfm_handler
 .text.gapc_con_req_ind
                0x1000c6ac       0xe0 ../src/ASF/thirdparty/wireless/ble_smart_sdk/lib/cm0/gcc\libblusdk.a(gapc_task.o)
                0x1000c6ac                gapc_con_req_ind
 .text.gapc_disconnect_cmd_handler
                0x1000c78c       0x44 ../src/ASF/thirdparty/wireless/ble_smart_sdk/lib/cm0/gcc\libblusdk.a(gapc_task.o)
                0x1000c78c                gapc_disconnect_cmd_handler
 .text.gapc_disconnect_ind
                0x1000c7d0       0x34 ../src/ASF/thirdparty/wireless/ble_smart_sdk/lib/cm0/gcc\libblusdk.a(gapc_task.o)
                0x1000c7d0                gapc_disconnect_ind
 .text.gapc_bond_cmd_handler
                0x1000c804       0x68 ../src/ASF/thirdparty/wireless/ble_smart_sdk/lib/cm0/gcc\libblusdk.a(gapc_task.o)
                0x1000c804                gapc_bond_cmd_handler
 .text.gapc_bond_ind
                0x1000c86c       0xd8 ../src/ASF/thirdparty/wireless/ble_smart_sdk/lib/cm0/gcc\libblusdk.a(gapc_task.o)
                0x1000c86c                gapc_bond_ind
 .text.gapc_bond_req_ind
                0x1000c944       0xe0 ../src/ASF/thirdparty/wireless/ble_smart_sdk/lib/cm0/gcc\libblusdk.a(gapc_task.o)
                0x1000c944                gapc_bond_req_ind
 .text.gapc_bond_cfm_handler_pair_resp
                0x1000ca24       0x7c ../src/ASF/thirdparty/wireless/ble_smart_sdk/lib/cm0/gcc\libblusdk.a(gapc_task.o)
                0x1000ca24                gapc_bond_cfm_handler_pair_resp
 .text.gapc_bond_cfm_handler_key_exch
                0x1000caa0       0x50 ../src/ASF/thirdparty/wireless/ble_smart_sdk/lib/cm0/gcc\libblusdk.a(gapc_task.o)
                0x1000caa0                gapc_bond_cfm_handler_key_exch
 .text.gapc_encrypt_cmd_handler
                0x1000caf0       0x9c ../src/ASF/thirdparty/wireless/ble_smart_sdk/lib/cm0/gcc\libblusdk.a(gapc_task.o)
                0x1000caf0                gapc_encrypt_cmd_handler
 .text.gapc_encrypt_req_ind
                0x1000cb8c       0x20 ../src/ASF/thirdparty/wireless/ble_smart_sdk/lib/cm0/gcc\libblusdk.a(gapc_task.o)
                0x1000cb8c                gapc_encrypt_req_ind
 .text.gapc_encrypt_cfm_handler
                0x1000cbac       0x80 ../src/ASF/thirdparty/wireless/ble_smart_sdk/lib/cm0/gcc\libblusdk.a(gapc_task.o)
                0x1000cbac                gapc_encrypt_cfm_handler
 .text.gapc_encrypt_ind
                0x1000cc2c        0xe ../src/ASF/thirdparty/wireless/ble_smart_sdk/lib/cm0/gcc\libblusdk.a(gapc_task.o)
                0x1000cc2c                gapc_encrypt_ind
 *fill*         0x1000cc3a        0x2 
 .text.gapc_param_update_cfm_handler
                0x1000cc3c       0x4c ../src/ASF/thirdparty/wireless/ble_smart_sdk/lib/cm0/gcc\libblusdk.a(gapc_task.o)
                0x1000cc3c                gapc_param_update_cfm_handler
 .text.gapc_param_updated_ind
                0x1000cc88       0x2a ../src/ASF/thirdparty/wireless/ble_smart_sdk/lib/cm0/gcc\libblusdk.a(gapc_task.o)
                0x1000cc88                gapc_param_updated_ind
 .text.gapc_param_updated_req_ind
                0x1000ccb2       0x30 ../src/ASF/thirdparty/wireless/ble_smart_sdk/lib/cm0/gcc\libblusdk.a(gapc_task.o)
                0x1000ccb2                gapc_param_updated_req_ind
 *fill*         0x1000cce2        0x2 
 .text.gapc_dev_info_req_ind_handler
                0x1000cce4       0x28 ../src/ASF/thirdparty/wireless/ble_smart_sdk/lib/cm0/gcc\libblusdk.a(gapc_task.o)
                0x1000cce4                gapc_dev_info_req_ind_handler
 .text.gapc_sec_req_ind
                0x1000cd0c       0x16 ../src/ASF/thirdparty/wireless/ble_smart_sdk/lib/cm0/gcc\libblusdk.a(gapc_task.o)
                0x1000cd0c                gapc_sec_req_ind
 .text.gapc_sign_counter_ind_handler
                0x1000cd22       0x34 ../src/ASF/thirdparty/wireless/ble_smart_sdk/lib/cm0/gcc\libblusdk.a(gapc_task.o)
                0x1000cd22                gapc_sign_counter_ind_handler
 *fill*         0x1000cd56        0x2 
 .text.gapc_peer_att_info_ind_handler
                0x1000cd58       0x7c ../src/ASF/thirdparty/wireless/ble_smart_sdk/lib/cm0/gcc\libblusdk.a(gapc_task.o)
                0x1000cd58                gapc_peer_att_info_ind_handler
 .text.gapc_con_channel_map_ind_handler
                0x1000cdd4       0x18 ../src/ASF/thirdparty/wireless/ble_smart_sdk/lib/cm0/gcc\libblusdk.a(gapc_task.o)
                0x1000cdd4                gapc_con_channel_map_ind_handler
 .text.gapc_lecb_connected
                0x1000cdec       0x2e ../src/ASF/thirdparty/wireless/ble_smart_sdk/lib/cm0/gcc\libblusdk.a(gapc_task.o)
                0x1000cdec                gapc_lecb_connected
 .text.gapc_lecb_disconnected
                0x1000ce1a       0x16 ../src/ASF/thirdparty/wireless/ble_smart_sdk/lib/cm0/gcc\libblusdk.a(gapc_task.o)
                0x1000ce1a                gapc_lecb_disconnected
 .text.gapc_lecb_connect_req_ind
                0x1000ce30       0x2a ../src/ASF/thirdparty/wireless/ble_smart_sdk/lib/cm0/gcc\libblusdk.a(gapc_task.o)
                0x1000ce30                gapc_lecb_connect_req_ind
 .text.gapc_lecb_add_credit_resp_handler
                0x1000ce5a       0x20 ../src/ASF/thirdparty/wireless/ble_smart_sdk/lib/cm0/gcc\libblusdk.a(gapc_task.o)
                0x1000ce5a                gapc_lecb_add_credit_resp_handler
 *fill*         0x1000ce7a        0x2 
 .text.gapm_reset_req_handler
                0x1000ce7c       0x70 ../src/ASF/thirdparty/wireless/ble_smart_sdk/lib/cm0/gcc\libblusdk.a(gapm_task.o)
                0x1000ce7c                gapm_reset_req_handler
 .text.gapm_set_dev_config_cmd_handler
                0x1000ceec      0x108 ../src/ASF/thirdparty/wireless/ble_smart_sdk/lib/cm0/gcc\libblusdk.a(gapm_task.o)
                0x1000ceec                gapm_set_dev_config_cmd_handler
 .text.gapm_get_dev_config_cmd_handler
                0x1000cff4       0xe0 ../src/ASF/thirdparty/wireless/ble_smart_sdk/lib/cm0/gcc\libblusdk.a(gapm_task.o)
                0x1000cff4                gapm_get_dev_config_cmd_handler
 .text.gapm_cancel_cmd_handler
                0x1000d0d4       0x70 ../src/ASF/thirdparty/wireless/ble_smart_sdk/lib/cm0/gcc\libblusdk.a(gapm_task.o)
                0x1000d0d4                gapm_cancel_cmd_handler
 .text.gapm_dev_bdaddr_ind_handler
                0x1000d144       0x1c ../src/ASF/thirdparty/wireless/ble_smart_sdk/lib/cm0/gcc\libblusdk.a(gapm_task.o)
                0x1000d144                gapm_dev_bdaddr_ind_handler
 .text.gapm_cmp_evt
                0x1000d160      0x148 ../src/ASF/thirdparty/wireless/ble_smart_sdk/lib/cm0/gcc\libblusdk.a(gapm_task.o)
                0x1000d160                gapm_cmp_evt
 .text.gapm_start_adv_cmd_handler
                0x1000d2a8      0x120 ../src/ASF/thirdparty/wireless/ble_smart_sdk/lib/cm0/gcc\libblusdk.a(gapm_task.o)
                0x1000d2a8                gapm_start_adv_cmd_handler
 .text.get_gap_local_addr_type
                0x1000d3c8       0x18 ../src/ASF/thirdparty/wireless/ble_smart_sdk/lib/cm0/gcc\libblusdk.a(gapm_task.o)
                0x1000d3c8                get_gap_local_addr_type
 .text.gapm_adv_report_evt_handler
                0x1000d3e0       0x88 ../src/ASF/thirdparty/wireless/ble_smart_sdk/lib/cm0/gcc\libblusdk.a(gapm_task.o)
                0x1000d3e0                gapm_adv_report_evt_handler
 .text.gapm_resolv_addr_cmd_handler
                0x1000d468       0x68 ../src/ASF/thirdparty/wireless/ble_smart_sdk/lib/cm0/gcc\libblusdk.a(gapm_task.o)
                0x1000d468                gapm_resolv_addr_cmd_handler
 .text.gapm_addr_solved_ind_handler
                0x1000d4d0       0x24 ../src/ASF/thirdparty/wireless/ble_smart_sdk/lib/cm0/gcc\libblusdk.a(gapm_task.o)
                0x1000d4d0                gapm_addr_solved_ind_handler
 .text.gapm_profile_added_ind_handler
                0x1000d4f4       0x20 ../src/ASF/thirdparty/wireless/ble_smart_sdk/lib/cm0/gcc\libblusdk.a(gapm_task.o)
                0x1000d4f4                gapm_profile_added_ind_handler
 .text.gattc_read_req_ind_parser
                0x1000d514        0xc ../src/ASF/thirdparty/wireless/ble_smart_sdk/lib/cm0/gcc\libblusdk.a(gattc_task.o)
                0x1000d514                gattc_read_req_ind_parser
 .text.gattc_write_req_ind_parser
                0x1000d520       0x38 ../src/ASF/thirdparty/wireless/ble_smart_sdk/lib/cm0/gcc\libblusdk.a(gattc_task.o)
                0x1000d520                gattc_write_req_ind_parser
 .text.gattc_att_info_req_parser
                0x1000d558        0xc ../src/ASF/thirdparty/wireless/ble_smart_sdk/lib/cm0/gcc\libblusdk.a(gattc_task.o)
                0x1000d558                gattc_att_info_req_parser
 .text.gattc_read_cfm
                0x1000d564       0x6c ../src/ASF/thirdparty/wireless/ble_smart_sdk/lib/cm0/gcc\libblusdk.a(gattc_task.o)
                0x1000d564                gattc_read_cfm
 .text.gattc_write_cfm
                0x1000d5d0       0x44 ../src/ASF/thirdparty/wireless/ble_smart_sdk/lib/cm0/gcc\libblusdk.a(gattc_task.o)
                0x1000d5d0                gattc_write_cfm
 .text.gattc_att_info_cfm
                0x1000d614       0x48 ../src/ASF/thirdparty/wireless/ble_smart_sdk/lib/cm0/gcc\libblusdk.a(gattc_task.o)
                0x1000d614                gattc_att_info_cfm
 .text.gattc_event_cfm_handler
                0x1000d65c       0x40 ../src/ASF/thirdparty/wireless/ble_smart_sdk/lib/cm0/gcc\libblusdk.a(gattc_task.o)
                0x1000d65c                gattc_event_cfm_handler
 .text.gattc_disc_svc_ind_parser
                0x1000d69c       0x3c ../src/ASF/thirdparty/wireless/ble_smart_sdk/lib/cm0/gcc\libblusdk.a(gattc_task.o)
                0x1000d69c                gattc_disc_svc_ind_parser
 .text.gattc_disc_svc_incl_ind_parser
                0x1000d6d8       0x48 ../src/ASF/thirdparty/wireless/ble_smart_sdk/lib/cm0/gcc\libblusdk.a(gattc_task.o)
                0x1000d6d8                gattc_disc_svc_incl_ind_parser
 .text.gattc_disc_char_ind_parser
                0x1000d720       0x44 ../src/ASF/thirdparty/wireless/ble_smart_sdk/lib/cm0/gcc\libblusdk.a(gattc_task.o)
                0x1000d720                gattc_disc_char_ind_parser
 .text.gattc_disc_char_desc_ind_parser
                0x1000d764       0x34 ../src/ASF/thirdparty/wireless/ble_smart_sdk/lib/cm0/gcc\libblusdk.a(gattc_task.o)
                0x1000d764                gattc_disc_char_desc_ind_parser
 .text.gattc_event_ind_and_notification_parser
                0x1000d798       0x54 ../src/ASF/thirdparty/wireless/ble_smart_sdk/lib/cm0/gcc\libblusdk.a(gattc_task.o)
                0x1000d798                gattc_event_ind_and_notification_parser
 .text.gattc_complete_evt_handler
                0x1000d7ec       0x78 ../src/ASF/thirdparty/wireless/ble_smart_sdk/lib/cm0/gcc\libblusdk.a(gattc_task.o)
                0x1000d7ec                gattc_complete_evt_handler
 .text.gattc_event_mtu_changed_ind_parser
                0x1000d864       0x10 ../src/ASF/thirdparty/wireless/ble_smart_sdk/lib/cm0/gcc\libblusdk.a(gattc_task.o)
                0x1000d864                gattc_event_mtu_changed_ind_parser
 .text.gattc_read_ind_parser
                0x1000d874       0x40 ../src/ASF/thirdparty/wireless/ble_smart_sdk/lib/cm0/gcc\libblusdk.a(gattc_task.o)
                0x1000d874                gattc_read_ind_parser
 .text.gattc_svc_changed_cfg_ind_parser
                0x1000d8b4       0x10 ../src/ASF/thirdparty/wireless/ble_smart_sdk/lib/cm0/gcc\libblusdk.a(gattc_task.o)
                0x1000d8b4                gattc_svc_changed_cfg_ind_parser
 .text.init_gattc_task_module
                0x1000d8c4       0x14 ../src/ASF/thirdparty/wireless/ble_smart_sdk/lib/cm0/gcc\libblusdk.a(gattc_task.o)
                0x1000d8c4                init_gattc_task_module
 .text.gattm_att_set_value_req_handler
                0x1000d8d8       0x8c ../src/ASF/thirdparty/wireless/ble_smart_sdk/lib/cm0/gcc\libblusdk.a(gattm_task.o)
                0x1000d8d8                gattm_att_set_value_req_handler
 .text.gattm_att_get_value_req_handler
                0x1000d964       0x9c ../src/ASF/thirdparty/wireless/ble_smart_sdk/lib/cm0/gcc\libblusdk.a(gattm_task.o)
                0x1000d964                gattm_att_get_value_req_handler
 .text.htpt_enable_rsp_handler
                0x1000da00        0xa ../src/ASF/thirdparty/wireless/ble_smart_sdk/lib/cm0/gcc\libblusdk.a(htpt_task.o)
                0x1000da00                htpt_enable_rsp_handler
 .text.htpt_temp_send_rsp_handler
                0x1000da0a        0x6 ../src/ASF/thirdparty/wireless/ble_smart_sdk/lib/cm0/gcc\libblusdk.a(htpt_task.o)
                0x1000da0a                htpt_temp_send_rsp_handler
 .text.htpt_meas_intv_upd_rsp_handler
                0x1000da10        0x6 ../src/ASF/thirdparty/wireless/ble_smart_sdk/lib/cm0/gcc\libblusdk.a(htpt_task.o)
                0x1000da10                htpt_meas_intv_upd_rsp_handler
 .text.htpt_meas_intv_chg_req_ind_handler
                0x1000da16        0xc ../src/ASF/thirdparty/wireless/ble_smart_sdk/lib/cm0/gcc\libblusdk.a(htpt_task.o)
                0x1000da16                htpt_meas_intv_chg_req_ind_handler
 .text.htpt_cfg_indntf_ind_handler
                0x1000da22        0xa ../src/ASF/thirdparty/wireless/ble_smart_sdk/lib/cm0/gcc\libblusdk.a(htpt_task.o)
                0x1000da22                htpt_cfg_indntf_ind_handler
 .text          0x1000da2c       0x14 d:/program files (x86)/atmel/studio/7.0/toolchain/arm/arm-gnu-toolchain/bin/../lib/gcc/arm-none-eabi/6.3.1/thumb/v6-m\libgcc.a(_thumb1_case_sqi.o)
                0x1000da2c                __gnu_thumb1_case_sqi
 .text          0x1000da40       0x14 d:/program files (x86)/atmel/studio/7.0/toolchain/arm/arm-gnu-toolchain/bin/../lib/gcc/arm-none-eabi/6.3.1/thumb/v6-m\libgcc.a(_thumb1_case_uqi.o)
                0x1000da40                __gnu_thumb1_case_uqi
 .text          0x1000da54      0x114 d:/program files (x86)/atmel/studio/7.0/toolchain/arm/arm-gnu-toolchain/bin/../lib/gcc/arm-none-eabi/6.3.1/thumb/v6-m\libgcc.a(_udivsi3.o)
                0x1000da54                __aeabi_uidiv
                0x1000da54                __udivsi3
                0x1000db60                __aeabi_uidivmod
 .text          0x1000db68        0x4 d:/program files (x86)/atmel/studio/7.0/toolchain/arm/arm-gnu-toolchain/bin/../lib/gcc/arm-none-eabi/6.3.1/thumb/v6-m\libgcc.a(_dvmd_tls.o)
                0x1000db68                __aeabi_idiv0
                0x1000db68                __aeabi_ldiv0
 .text          0x1000db6c       0x3c d:/program files (x86)/atmel/studio/7.0/toolchain/arm/arm-gnu-toolchain/bin/../lib/gcc/arm-none-eabi/6.3.1/thumb/v6-m\libgcc.a(_fixunsdfsi.o)
                0x1000db6c                __aeabi_d2uiz
                0x1000db6c                __fixunsdfsi
 .text          0x1000dba8      0x500 d:/program files (x86)/atmel/studio/7.0/toolchain/arm/arm-gnu-toolchain/bin/../lib/gcc/arm-none-eabi/6.3.1/thumb/v6-m\libgcc.a(muldf3.o)
                0x1000dba8                __aeabi_dmul
 .text          0x1000e0a8      0x62c d:/program files (x86)/atmel/studio/7.0/toolchain/arm/arm-gnu-toolchain/bin/../lib/gcc/arm-none-eabi/6.3.1/thumb/v6-m\libgcc.a(subdf3.o)
                0x1000e0a8                __aeabi_dsub
 .text          0x1000e6d4       0x68 d:/program files (x86)/atmel/studio/7.0/toolchain/arm/arm-gnu-toolchain/bin/../lib/gcc/arm-none-eabi/6.3.1/thumb/v6-m\libgcc.a(fixdfsi.o)
                0x1000e6d4                __aeabi_d2iz
 .text          0x1000e73c       0x70 d:/program files (x86)/atmel/studio/7.0/toolchain/arm/arm-gnu-toolchain/bin/../lib/gcc/arm-none-eabi/6.3.1/thumb/v6-m\libgcc.a(floatunsidf.o)
                0x1000e73c                __aeabi_ui2d
 .text          0x1000e7ac       0x7c d:/program files (x86)/atmel/studio/7.0/toolchain/arm/arm-gnu-toolchain/bin/../lib/gcc/arm-none-eabi/6.3.1/thumb/v6-m\libgcc.a(_arm_cmpdf2.o)
                0x1000e7ac                __aeabi_cdrcmple
                0x1000e7bc                __aeabi_cdcmple
                0x1000e7bc                __aeabi_cdcmpeq
                0x1000e7cc                __aeabi_dcmpeq
                0x1000e7d8                __aeabi_dcmplt
                0x1000e7ec                __aeabi_dcmple
                0x1000e800                __aeabi_dcmpgt
                0x1000e814                __aeabi_dcmpge
 .text          0x1000e828       0x3c d:/program files (x86)/atmel/studio/7.0/toolchain/arm/arm-gnu-toolchain/bin/../lib/gcc/arm-none-eabi/6.3.1/thumb/v6-m\libgcc.a(_clzsi2.o)
                0x1000e828                __clzsi2
 .text          0x1000e864       0x74 d:/program files (x86)/atmel/studio/7.0/toolchain/arm/arm-gnu-toolchain/bin/../lib/gcc/arm-none-eabi/6.3.1/thumb/v6-m\libgcc.a(eqdf2.o)
                0x1000e864                __nedf2
                0x1000e864                __eqdf2
 .text          0x1000e8d8       0xc8 d:/program files (x86)/atmel/studio/7.0/toolchain/arm/arm-gnu-toolchain/bin/../lib/gcc/arm-none-eabi/6.3.1/thumb/v6-m\libgcc.a(gedf2.o)
                0x1000e8d8                __gedf2
                0x1000e8d8                __gtdf2
 .text          0x1000e9a0       0xc4 d:/program files (x86)/atmel/studio/7.0/toolchain/arm/arm-gnu-toolchain/bin/../lib/gcc/arm-none-eabi/6.3.1/thumb/v6-m\libgcc.a(ledf2.o)
                0x1000e9a0                __ledf2
                0x1000e9a0                __ltdf2
 .text.__libc_init_array
                0x1000ea64       0x48 d:/program files (x86)/atmel/studio/7.0/toolchain/arm/arm-gnu-toolchain/bin/../lib/gcc/arm-none-eabi/6.3.1/../../../../arm-none-eabi/lib/thumb/v6-m\libc_nano.a(lib_a-init.o)
                0x1000ea64                __libc_init_array
 .text.memcmp   0x1000eaac       0x1e d:/program files (x86)/atmel/studio/7.0/toolchain/arm/arm-gnu-toolchain/bin/../lib/gcc/arm-none-eabi/6.3.1/../../../../arm-none-eabi/lib/thumb/v6-m\libc_nano.a(lib_a-memcmp.o)
                0x1000eaac                memcmp
 .text.memcpy   0x1000eaca       0x12 d:/program files (x86)/atmel/studio/7.0/toolchain/arm/arm-gnu-toolchain/bin/../lib/gcc/arm-none-eabi/6.3.1/../../../../arm-none-eabi/lib/thumb/v6-m\libc_nano.a(lib_a-memcpy-stub.o)
                0x1000eaca                memcpy
 .text.memset   0x1000eadc       0x10 d:/program files (x86)/atmel/studio/7.0/toolchain/arm/arm-gnu-toolchain/bin/../lib/gcc/arm-none-eabi/6.3.1/../../../../arm-none-eabi/lib/thumb/v6-m\libc_nano.a(lib_a-memset.o)
                0x1000eadc                memset
 .text.printf   0x1000eaec       0x34 d:/program files (x86)/atmel/studio/7.0/toolchain/arm/arm-gnu-toolchain/bin/../lib/gcc/arm-none-eabi/6.3.1/../../../../arm-none-eabi/lib/thumb/v6-m\libc_nano.a(lib_a-printf.o)
                0x1000eaec                iprintf
                0x1000eaec                printf
 .text.putchar  0x1000eb20       0x28 d:/program files (x86)/atmel/studio/7.0/toolchain/arm/arm-gnu-toolchain/bin/../lib/gcc/arm-none-eabi/6.3.1/../../../../arm-none-eabi/lib/thumb/v6-m\libc_nano.a(lib_a-putchar.o)
                0x1000eb20                putchar
 .text._puts_r  0x1000eb48       0xc0 d:/program files (x86)/atmel/studio/7.0/toolchain/arm/arm-gnu-toolchain/bin/../lib/gcc/arm-none-eabi/6.3.1/../../../../arm-none-eabi/lib/thumb/v6-m\libc_nano.a(lib_a-puts.o)
                0x1000eb48                _puts_r
 .text.puts     0x1000ec08       0x14 d:/program files (x86)/atmel/studio/7.0/toolchain/arm/arm-gnu-toolchain/bin/../lib/gcc/arm-none-eabi/6.3.1/../../../../arm-none-eabi/lib/thumb/v6-m\libc_nano.a(lib_a-puts.o)
                0x1000ec08                puts
 .text.rand     0x1000ec1c       0x78 d:/program files (x86)/atmel/studio/7.0/toolchain/arm/arm-gnu-toolchain/bin/../lib/gcc/arm-none-eabi/6.3.1/../../../../arm-none-eabi/lib/thumb/v6-m\libc_nano.a(lib_a-rand.o)
                0x1000ec1c                rand
 .text.setbuf   0x1000ec94       0x12 d:/program files (x86)/atmel/studio/7.0/toolchain/arm/arm-gnu-toolchain/bin/../lib/gcc/arm-none-eabi/6.3.1/../../../../arm-none-eabi/lib/thumb/v6-m\libc_nano.a(lib_a-setbuf.o)
                0x1000ec94                setbuf
 *fill*         0x1000eca6        0x2 
 .text.setvbuf  0x1000eca8      0x158 d:/program files (x86)/atmel/studio/7.0/toolchain/arm/arm-gnu-toolchain/bin/../lib/gcc/arm-none-eabi/6.3.1/../../../../arm-none-eabi/lib/thumb/v6-m\libc_nano.a(lib_a-setvbuf.o)
                0x1000eca8                setvbuf
 .text.__swbuf_r
                0x1000ee00       0xac d:/program files (x86)/atmel/studio/7.0/toolchain/arm/arm-gnu-toolchain/bin/../lib/gcc/arm-none-eabi/6.3.1/../../../../arm-none-eabi/lib/thumb/v6-m\libc_nano.a(lib_a-wbuf.o)
                0x1000ee00                __swbuf_r
 .text.__swsetup_r
                0x1000eeac       0xec d:/program files (x86)/atmel/studio/7.0/toolchain/arm/arm-gnu-toolchain/bin/../lib/gcc/arm-none-eabi/6.3.1/../../../../arm-none-eabi/lib/thumb/v6-m\libc_nano.a(lib_a-wsetup.o)
                0x1000eeac                __swsetup_r
 .text.__sflush_r
                0x1000ef98      0x114 d:/program files (x86)/atmel/studio/7.0/toolchain/arm/arm-gnu-toolchain/bin/../lib/gcc/arm-none-eabi/6.3.1/../../../../arm-none-eabi/lib/thumb/v6-m\libc_nano.a(lib_a-fflush.o)
                0x1000ef98                __sflush_r
 .text._fflush_r
                0x1000f0ac       0x58 d:/program files (x86)/atmel/studio/7.0/toolchain/arm/arm-gnu-toolchain/bin/../lib/gcc/arm-none-eabi/6.3.1/../../../../arm-none-eabi/lib/thumb/v6-m\libc_nano.a(lib_a-fflush.o)
                0x1000f0ac                _fflush_r
 .text._cleanup_r
                0x1000f104       0x10 d:/program files (x86)/atmel/studio/7.0/toolchain/arm/arm-gnu-toolchain/bin/../lib/gcc/arm-none-eabi/6.3.1/../../../../arm-none-eabi/lib/thumb/v6-m\libc_nano.a(lib_a-findfp.o)
                0x1000f104                _cleanup_r
 .text.std.isra.0
                0x1000f114       0x48 d:/program files (x86)/atmel/studio/7.0/toolchain/arm/arm-gnu-toolchain/bin/../lib/gcc/arm-none-eabi/6.3.1/../../../../arm-none-eabi/lib/thumb/v6-m\libc_nano.a(lib_a-findfp.o)
 .text.__sfmoreglue
                0x1000f15c       0x2c d:/program files (x86)/atmel/studio/7.0/toolchain/arm/arm-gnu-toolchain/bin/../lib/gcc/arm-none-eabi/6.3.1/../../../../arm-none-eabi/lib/thumb/v6-m\libc_nano.a(lib_a-findfp.o)
                0x1000f15c                __sfmoreglue
 .text.__sinit  0x1000f188       0x68 d:/program files (x86)/atmel/studio/7.0/toolchain/arm/arm-gnu-toolchain/bin/../lib/gcc/arm-none-eabi/6.3.1/../../../../arm-none-eabi/lib/thumb/v6-m\libc_nano.a(lib_a-findfp.o)
                0x1000f188                __sinit
 .text.__sfp    0x1000f1f0       0x80 d:/program files (x86)/atmel/studio/7.0/toolchain/arm/arm-gnu-toolchain/bin/../lib/gcc/arm-none-eabi/6.3.1/../../../../arm-none-eabi/lib/thumb/v6-m\libc_nano.a(lib_a-findfp.o)
                0x1000f1f0                __sfp
 .text._fwalk_reent
                0x1000f270       0x42 d:/program files (x86)/atmel/studio/7.0/toolchain/arm/arm-gnu-toolchain/bin/../lib/gcc/arm-none-eabi/6.3.1/../../../../arm-none-eabi/lib/thumb/v6-m\libc_nano.a(lib_a-fwalk.o)
                0x1000f270                _fwalk_reent
 *fill*         0x1000f2b2        0x2 
 .text.__swhatbuf_r
                0x1000f2b4       0x50 d:/program files (x86)/atmel/studio/7.0/toolchain/arm/arm-gnu-toolchain/bin/../lib/gcc/arm-none-eabi/6.3.1/../../../../arm-none-eabi/lib/thumb/v6-m\libc_nano.a(lib_a-makebuf.o)
                0x1000f2b4                __swhatbuf_r
 .text.__smakebuf_r
                0x1000f304       0x88 d:/program files (x86)/atmel/studio/7.0/toolchain/arm/arm-gnu-toolchain/bin/../lib/gcc/arm-none-eabi/6.3.1/../../../../arm-none-eabi/lib/thumb/v6-m\libc_nano.a(lib_a-makebuf.o)
                0x1000f304                __smakebuf_r
 .text.malloc   0x1000f38c       0x14 d:/program files (x86)/atmel/studio/7.0/toolchain/arm/arm-gnu-toolchain/bin/../lib/gcc/arm-none-eabi/6.3.1/../../../../arm-none-eabi/lib/thumb/v6-m\libc_nano.a(lib_a-malloc.o)
                0x1000f38c                malloc
 .text._free_r  0x1000f3a0       0x94 d:/program files (x86)/atmel/studio/7.0/toolchain/arm/arm-gnu-toolchain/bin/../lib/gcc/arm-none-eabi/6.3.1/../../../../arm-none-eabi/lib/thumb/v6-m\libc_nano.a(lib_a-nano-freer.o)
                0x1000f3a0                _free_r
 .text._malloc_r
                0x1000f434       0xbc d:/program files (x86)/atmel/studio/7.0/toolchain/arm/arm-gnu-toolchain/bin/../lib/gcc/arm-none-eabi/6.3.1/../../../../arm-none-eabi/lib/thumb/v6-m\libc_nano.a(lib_a-nano-mallocr.o)
                0x1000f434                _malloc_r
 .text.__sfputc_r
                0x1000f4f0       0x2a d:/program files (x86)/atmel/studio/7.0/toolchain/arm/arm-gnu-toolchain/bin/../lib/gcc/arm-none-eabi/6.3.1/../../../../arm-none-eabi/lib/thumb/v6-m\libc_nano.a(lib_a-nano-vfprintf.o)
 .text.__sfputs_r
                0x1000f51a       0x24 d:/program files (x86)/atmel/studio/7.0/toolchain/arm/arm-gnu-toolchain/bin/../lib/gcc/arm-none-eabi/6.3.1/../../../../arm-none-eabi/lib/thumb/v6-m\libc_nano.a(lib_a-nano-vfprintf.o)
                0x1000f51a                __sfputs_r
 *fill*         0x1000f53e        0x2 
 .text._vfprintf_r
                0x1000f540      0x238 d:/program files (x86)/atmel/studio/7.0/toolchain/arm/arm-gnu-toolchain/bin/../lib/gcc/arm-none-eabi/6.3.1/../../../../arm-none-eabi/lib/thumb/v6-m\libc_nano.a(lib_a-nano-vfprintf.o)
                0x1000f540                _vfprintf_r
                0x1000f540                _vfiprintf_r
 .text._printf_common
                0x1000f778       0xda d:/program files (x86)/atmel/studio/7.0/toolchain/arm/arm-gnu-toolchain/bin/../lib/gcc/arm-none-eabi/6.3.1/../../../../arm-none-eabi/lib/thumb/v6-m\libc_nano.a(lib_a-nano-vfprintf_i.o)
                0x1000f778                _printf_common
 *fill*         0x1000f852        0x2 
 .text._printf_i
                0x1000f854      0x234 d:/program files (x86)/atmel/studio/7.0/toolchain/arm/arm-gnu-toolchain/bin/../lib/gcc/arm-none-eabi/6.3.1/../../../../arm-none-eabi/lib/thumb/v6-m\libc_nano.a(lib_a-nano-vfprintf_i.o)
                0x1000f854                _printf_i
 .text._putc_r  0x1000fa88       0x6c d:/program files (x86)/atmel/studio/7.0/toolchain/arm/arm-gnu-toolchain/bin/../lib/gcc/arm-none-eabi/6.3.1/../../../../arm-none-eabi/lib/thumb/v6-m\libc_nano.a(lib_a-putc.o)
                0x1000fa88                _putc_r
 .text._sbrk_r  0x1000faf4       0x24 d:/program files (x86)/atmel/studio/7.0/toolchain/arm/arm-gnu-toolchain/bin/../lib/gcc/arm-none-eabi/6.3.1/../../../../arm-none-eabi/lib/thumb/v6-m\libc_nano.a(lib_a-sbrkr.o)
                0x1000faf4                _sbrk_r
 .text.__sread  0x1000fb18       0x28 d:/program files (x86)/atmel/studio/7.0/toolchain/arm/arm-gnu-toolchain/bin/../lib/gcc/arm-none-eabi/6.3.1/../../../../arm-none-eabi/lib/thumb/v6-m\libc_nano.a(lib_a-stdio.o)
                0x1000fb18                __sread
 .text.__swrite
                0x1000fb40       0x38 d:/program files (x86)/atmel/studio/7.0/toolchain/arm/arm-gnu-toolchain/bin/../lib/gcc/arm-none-eabi/6.3.1/../../../../arm-none-eabi/lib/thumb/v6-m\libc_nano.a(lib_a-stdio.o)
                0x1000fb40                __swrite
 .text.__sseek  0x1000fb78       0x2c d:/program files (x86)/atmel/studio/7.0/toolchain/arm/arm-gnu-toolchain/bin/../lib/gcc/arm-none-eabi/6.3.1/../../../../arm-none-eabi/lib/thumb/v6-m\libc_nano.a(lib_a-stdio.o)
                0x1000fb78                __sseek
 .text.__sclose
                0x1000fba4        0xc d:/program files (x86)/atmel/studio/7.0/toolchain/arm/arm-gnu-toolchain/bin/../lib/gcc/arm-none-eabi/6.3.1/../../../../arm-none-eabi/lib/thumb/v6-m\libc_nano.a(lib_a-stdio.o)
                0x1000fba4                __sclose
 .text._write_r
                0x1000fbb0       0x28 d:/program files (x86)/atmel/studio/7.0/toolchain/arm/arm-gnu-toolchain/bin/../lib/gcc/arm-none-eabi/6.3.1/../../../../arm-none-eabi/lib/thumb/v6-m\libc_nano.a(lib_a-writer.o)
                0x1000fbb0                _write_r
 .text._close_r
                0x1000fbd8       0x24 d:/program files (x86)/atmel/studio/7.0/toolchain/arm/arm-gnu-toolchain/bin/../lib/gcc/arm-none-eabi/6.3.1/../../../../arm-none-eabi/lib/thumb/v6-m\libc_nano.a(lib_a-closer.o)
                0x1000fbd8                _close_r
 .text._fstat_r
                0x1000fbfc       0x24 d:/program files (x86)/atmel/studio/7.0/toolchain/arm/arm-gnu-toolchain/bin/../lib/gcc/arm-none-eabi/6.3.1/../../../../arm-none-eabi/lib/thumb/v6-m\libc_nano.a(lib_a-fstatr.o)
                0x1000fbfc                _fstat_r
 .text._isatty_r
                0x1000fc20       0x24 d:/program files (x86)/atmel/studio/7.0/toolchain/arm/arm-gnu-toolchain/bin/../lib/gcc/arm-none-eabi/6.3.1/../../../../arm-none-eabi/lib/thumb/v6-m\libc_nano.a(lib_a-isattyr.o)
                0x1000fc20                _isatty_r
 .text._lseek_r
                0x1000fc44       0x28 d:/program files (x86)/atmel/studio/7.0/toolchain/arm/arm-gnu-toolchain/bin/../lib/gcc/arm-none-eabi/6.3.1/../../../../arm-none-eabi/lib/thumb/v6-m\libc_nano.a(lib_a-lseekr.o)
                0x1000fc44                _lseek_r
 .text.memchr   0x1000fc6c       0x16 d:/program files (x86)/atmel/studio/7.0/toolchain/arm/arm-gnu-toolchain/bin/../lib/gcc/arm-none-eabi/6.3.1/../../../../arm-none-eabi/lib/thumb/v6-m\libc_nano.a(lib_a-memchr-stub.o)
                0x1000fc6c                memchr
 .text.__malloc_lock
                0x1000fc82        0x2 d:/program files (x86)/atmel/studio/7.0/toolchain/arm/arm-gnu-toolchain/bin/../lib/gcc/arm-none-eabi/6.3.1/../../../../arm-none-eabi/lib/thumb/v6-m\libc_nano.a(lib_a-mlock.o)
                0x1000fc82                __malloc_lock
 .text.__malloc_unlock
                0x1000fc84        0x2 d:/program files (x86)/atmel/studio/7.0/toolchain/arm/arm-gnu-toolchain/bin/../lib/gcc/arm-none-eabi/6.3.1/../../../../arm-none-eabi/lib/thumb/v6-m\libc_nano.a(lib_a-mlock.o)
                0x1000fc84                __malloc_unlock
 *fill*         0x1000fc86        0x2 
 .text._read_r  0x1000fc88       0x28 d:/program files (x86)/atmel/studio/7.0/toolchain/arm/arm-gnu-toolchain/bin/../lib/gcc/arm-none-eabi/6.3.1/../../../../arm-none-eabi/lib/thumb/v6-m\libc_nano.a(lib_a-readr.o)
                0x1000fc88                _read_r
 .text          0x1000fcb0       0x54 d:/program files (x86)/atmel/studio/7.0/toolchain/arm/arm-gnu-toolchain/bin/../lib/gcc/arm-none-eabi/6.3.1/thumb/v6-m\libgcc.a(_muldi3.o)
                0x1000fcb0                __muldi3
                0x1000fcb0                __aeabi_lmul
 *(.glue_7t)
 .glue_7t       0x1000fd04        0x0 linker stubs
 *(.glue_7)
 .glue_7        0x1000fd04        0x0 linker stubs
 *(.rodata .rodata* .gnu.linkonce.r.*)
 .rodata.system_clock_peripheral_enable
                0x1000fd04       0xd8 src/ASF/sam0/drivers/system/system_sam_b.o
 .rodata.system_peripheral_reset
                0x1000fddc      0x110 src/ASF/sam0/drivers/system/system_sam_b.o
 .rodata.ble_disconnected_state_handler
                0x1000feec       0x20 src/ASF/thirdparty/wireless/ble_smart_sdk/ble_services/ble_mgr/ble_manager.o
 .rodata.ble_mgr_events_callback_handler
                0x1000ff0c       0x1c src/ASF/thirdparty/wireless/ble_smart_sdk/ble_services/ble_mgr/ble_manager.o
 .rodata        0x1000ff28       0x19 src/ASF/thirdparty/wireless/ble_smart_sdk/ble_services/ble_mgr/ble_manager.o
 *fill*         0x1000ff41        0x3 
 .rodata.ble_connected_state_handler.str1.4
                0x1000ff44       0xe2 src/ASF/thirdparty/wireless/ble_smart_sdk/ble_services/ble_mgr/ble_manager.o
 *fill*         0x10010026        0x2 
 .rodata.ble_device_init.str1.4
                0x10010028      0x126 src/ASF/thirdparty/wireless/ble_smart_sdk/ble_services/ble_mgr/ble_manager.o
 *fill*         0x1001014e        0x2 
 .rodata.ble_disconnected_state_handler.str1.4
                0x10010150       0x2e src/ASF/thirdparty/wireless/ble_smart_sdk/ble_services/ble_mgr/ble_manager.o
 *fill*         0x1001017e        0x2 
 .rodata.ble_encryption_request_handler.str1.4
                0x10010180       0xb0 src/ASF/thirdparty/wireless/ble_smart_sdk/ble_services/ble_mgr/ble_manager.o
 .rodata.ble_encryption_status_change_handler.str1.4
                0x10010230       0x5d src/ASF/thirdparty/wireless/ble_smart_sdk/ble_services/ble_mgr/ble_manager.o
 *fill*         0x1001028d        0x3 
 .rodata.ble_mgr_gap_handle
                0x10010290       0x4c src/ASF/thirdparty/wireless/ble_smart_sdk/ble_services/ble_mgr/ble_manager.o
 .rodata.ble_mgr_gatt_server_handle
                0x100102dc       0x28 src/ASF/thirdparty/wireless/ble_smart_sdk/ble_services/ble_mgr/ble_manager.o
 .rodata.ble_mtu_changed_cmd_complete_handler.str1.4
                0x10010304       0x36 src/ASF/thirdparty/wireless/ble_smart_sdk/ble_services/ble_mgr/ble_manager.o
 *fill*         0x1001033a        0x2 
 .rodata.ble_pair_done_handler.str1.4
                0x1001033c       0x97 src/ASF/thirdparty/wireless/ble_smart_sdk/ble_services/ble_mgr/ble_manager.o
 *fill*         0x100103d3        0x1 
 .rodata.ble_pair_key_request_handler.str1.4
                0x100103d4       0xc7 src/ASF/thirdparty/wireless/ble_smart_sdk/ble_services/ble_mgr/ble_manager.o
 *fill*         0x1001049b        0x1 
 .rodata.ble_pair_request_handler.str1.4
                0x1001049c       0x25 src/ASF/thirdparty/wireless/ble_smart_sdk/ble_services/ble_mgr/ble_manager.o
 *fill*         0x100104c1        0x3 
 .rodata.ble_scan_info_handler.str1.4
                0x100104c4       0x50 src/ASF/thirdparty/wireless/ble_smart_sdk/ble_services/ble_mgr/ble_manager.o
 .rodata.ble_scan_report_handler.str1.4
                0x10010514       0x15 src/ASF/thirdparty/wireless/ble_smart_sdk/ble_services/ble_mgr/ble_manager.o
 *fill*         0x10010529        0x3 
 .rodata.ble_slave_security_request_handler.str1.4
                0x1001052c       0x43 src/ASF/thirdparty/wireless/ble_smart_sdk/ble_services/ble_mgr/ble_manager.o
 *fill*         0x1001056f        0x1 
 .rodata        0x10010570       0x11 src/simple_broadcaster_app.o
 *fill*         0x10010581        0x3 
 .rodata.main.str1.4
                0x10010584      0x1f8 src/simple_broadcaster_app.o
                                0x1fc (size before relaxing)
 .rodata        0x1001077c        0xb ../src/ASF/thirdparty/wireless/ble_smart_sdk/lib/cm0/gcc\libblusdk.a(gap.o)
 .rodata.CSWTCH.47
                0x10010787        0xf ../src/ASF/thirdparty/wireless/ble_smart_sdk/lib/cm0/gcc\libblusdk.a(gap.o)
 *fill*         0x10010796        0x2 
 .rodata        0x10010798       0x40 d:/program files (x86)/atmel/studio/7.0/toolchain/arm/arm-gnu-toolchain/bin/../lib/gcc/arm-none-eabi/6.3.1/thumb/v6-m\libgcc.a(muldf3.o)
 .rodata._global_impure_ptr
                0x100107d8        0x4 d:/program files (x86)/atmel/studio/7.0/toolchain/arm/arm-gnu-toolchain/bin/../lib/gcc/arm-none-eabi/6.3.1/../../../../arm-none-eabi/lib/thumb/v6-m\libc_nano.a(lib_a-impure.o)
                0x100107d8                _global_impure_ptr
 .rodata.__sf_fake_stderr
                0x100107dc       0x20 d:/program files (x86)/atmel/studio/7.0/toolchain/arm/arm-gnu-toolchain/bin/../lib/gcc/arm-none-eabi/6.3.1/../../../../arm-none-eabi/lib/thumb/v6-m\libc_nano.a(lib_a-findfp.o)
                0x100107dc                __sf_fake_stderr
 .rodata.__sf_fake_stdin
                0x100107fc       0x20 d:/program files (x86)/atmel/studio/7.0/toolchain/arm/arm-gnu-toolchain/bin/../lib/gcc/arm-none-eabi/6.3.1/../../../../arm-none-eabi/lib/thumb/v6-m\libc_nano.a(lib_a-findfp.o)
                0x100107fc                __sf_fake_stdin
 .rodata.__sf_fake_stdout
                0x1001081c       0x20 d:/program files (x86)/atmel/studio/7.0/toolchain/arm/arm-gnu-toolchain/bin/../lib/gcc/arm-none-eabi/6.3.1/../../../../arm-none-eabi/lib/thumb/v6-m\libc_nano.a(lib_a-findfp.o)
                0x1001081c                __sf_fake_stdout
 .rodata._vfprintf_r.str1.1
                0x1001083c       0x11 d:/program files (x86)/atmel/studio/7.0/toolchain/arm/arm-gnu-toolchain/bin/../lib/gcc/arm-none-eabi/6.3.1/../../../../arm-none-eabi/lib/thumb/v6-m\libc_nano.a(lib_a-nano-vfprintf.o)
 .rodata._printf_i.str1.1
                0x1001084d       0x22 d:/program files (x86)/atmel/studio/7.0/toolchain/arm/arm-gnu-toolchain/bin/../lib/gcc/arm-none-eabi/6.3.1/../../../../arm-none-eabi/lib/thumb/v6-m\libc_nano.a(lib_a-nano-vfprintf_i.o)
 *(.ARM.extab* .gnu.linkonce.armextab.*)
                0x10010870                . = ALIGN (0x4)
 *fill*         0x1001086f        0x1 
 *(.init)
 .init          0x10010870        0x4 d:/program files (x86)/atmel/studio/7.0/toolchain/arm/arm-gnu-toolchain/bin/../lib/gcc/arm-none-eabi/6.3.1/thumb/v6-m/crti.o
                0x10010870                _init
 .init          0x10010874        0x8 d:/program files (x86)/atmel/studio/7.0/toolchain/arm/arm-gnu-toolchain/bin/../lib/gcc/arm-none-eabi/6.3.1/thumb/v6-m/crtn.o
                0x1001087c                . = ALIGN (0x4)
                0x1001087c                __preinit_array_start = .
 *(.preinit_array)
                0x1001087c                __preinit_array_end = .
                0x1001087c                . = ALIGN (0x4)
                0x1001087c                __init_array_start = .
 *(SORT(.init_array.*))
 *(.init_array)
 .init_array    0x1001087c        0x4 d:/program files (x86)/atmel/studio/7.0/toolchain/arm/arm-gnu-toolchain/bin/../lib/gcc/arm-none-eabi/6.3.1/thumb/v6-m/crtbegin.o
                0x10010880                __init_array_end = .
                0x10010880                . = ALIGN (0x4)
 *crtbegin.o(.ctors)
 *(EXCLUDE_FILE(*crtend.o) .ctors)
 *(SORT(.ctors.*))
 *crtend.o(.ctors)
                0x10010880                . = ALIGN (0x4)
 *(.fini)
 .fini          0x10010880        0x4 d:/program files (x86)/atmel/studio/7.0/toolchain/arm/arm-gnu-toolchain/bin/../lib/gcc/arm-none-eabi/6.3.1/thumb/v6-m/crti.o
                0x10010880                _fini
 .fini          0x10010884        0x8 d:/program files (x86)/atmel/studio/7.0/toolchain/arm/arm-gnu-toolchain/bin/../lib/gcc/arm-none-eabi/6.3.1/thumb/v6-m/crtn.o
                0x1001088c                . = ALIGN (0x4)
                0x1001088c                __fini_array_start = .
 *(.fini_array)
 .fini_array    0x1001088c        0x4 d:/program files (x86)/atmel/studio/7.0/toolchain/arm/arm-gnu-toolchain/bin/../lib/gcc/arm-none-eabi/6.3.1/thumb/v6-m/crtbegin.o
 *(SORT(.fini_array.*))
                0x10010890                __fini_array_end = .
 *crtbegin.o(.dtors)
 *(EXCLUDE_FILE(*crtend.o) .dtors)
 *(SORT(.dtors.*))
 *crtend.o(.dtors)
                0x10010890                . = ALIGN (0x4)
                0x10010890                _efixed = .

.vfp11_veneer   0x10010890        0x0
 .vfp11_veneer  0x10010890        0x0 linker stubs

.v4_bx          0x10010890        0x0
 .v4_bx         0x10010890        0x0 linker stubs

.iplt           0x10010890        0x0
 .iplt          0x10010890        0x0 d:/program files (x86)/atmel/studio/7.0/toolchain/arm/arm-gnu-toolchain/bin/../lib/gcc/arm-none-eabi/6.3.1/thumb/v6-m/crtbegin.o

.eh_frame       0x10010890        0x0
 .eh_frame      0x10010890        0x0 d:/program files (x86)/atmel/studio/7.0/toolchain/arm/arm-gnu-toolchain/bin/../lib/gcc/arm-none-eabi/6.3.1/thumb/v6-m/crtbegin.o

.rel.dyn        0x10010890        0x0
 .rel.iplt      0x10010890        0x0 d:/program files (x86)/atmel/studio/7.0/toolchain/arm/arm-gnu-toolchain/bin/../lib/gcc/arm-none-eabi/6.3.1/thumb/v6-m/crtbegin.o

.jcr            0x10010890        0x0
 .jcr           0x10010890        0x0 d:/program files (x86)/atmel/studio/7.0/toolchain/arm/arm-gnu-toolchain/bin/../lib/gcc/arm-none-eabi/6.3.1/thumb/v6-m/crtbegin.o

.igot.plt       0x10010890        0x0
 .igot.plt      0x10010890        0x0 d:/program files (x86)/atmel/studio/7.0/toolchain/arm/arm-gnu-toolchain/bin/../lib/gcc/arm-none-eabi/6.3.1/thumb/v6-m/crtbegin.o
                0x10010890                . = ALIGN (0x4)
                0x10010890                _etext = .

.relocate       0x10010890       0x70
                0x10010890                . = ALIGN (0x4)
                0x10010890                _srelocate = .
 *(.ramfunc .ramfunc.*)
 *(.data .data.*)
 .data.adv_type
                0x10010890        0x4 src/simple_broadcaster_app.o
                0x10010890                adv_type
 .data.l2cap_avail_buffers
                0x10010894        0x1 ../src/ASF/thirdparty/wireless/ble_smart_sdk/lib/cm0/gcc\libblusdk.a(l2cc_task.o)
                0x10010894                l2cap_avail_buffers
 *fill*         0x10010895        0x3 
 .data.dummy_buffer
                0x10010898        0x4 ../src/ASF/thirdparty/wireless/ble_smart_sdk/lib/cm0/gcc\libblusdk.a(interface.o)
                0x10010898                dummy_buffer
 .data._impure_ptr
                0x1001089c        0x4 d:/program files (x86)/atmel/studio/7.0/toolchain/arm/arm-gnu-toolchain/bin/../lib/gcc/arm-none-eabi/6.3.1/../../../../arm-none-eabi/lib/thumb/v6-m\libc_nano.a(lib_a-impure.o)
                0x1001089c                _impure_ptr
 .data.impure_data
                0x100108a0       0x60 d:/program files (x86)/atmel/studio/7.0/toolchain/arm/arm-gnu-toolchain/bin/../lib/gcc/arm-none-eabi/6.3.1/../../../../arm-none-eabi/lib/thumb/v6-m\libc_nano.a(lib_a-impure.o)
                0x10010900                . = ALIGN (0x4)
                0x10010900                _erelocate = .

.bss            0x10010900     0x2734
                0x10010900                . = ALIGN (0x4)
                0x10010900                _sbss = .
                0x10010900                _szero = .
 *(.bss .bss.*)
 .bss           0x10010900       0x1c d:/program files (x86)/atmel/studio/7.0/toolchain/arm/arm-gnu-toolchain/bin/../lib/gcc/arm-none-eabi/6.3.1/thumb/v6-m/crtbegin.o
 .bss.heap.5296
                0x1001091c        0x4 src/ASF/sam0/utils/syscalls/gcc/syscalls.o
 .bss.ble_peripheral_dev_address
                0x10010920        0x7 src/ASF/thirdparty/wireless/ble_smart_sdk/ble_services/ble_mgr/ble_manager.o
 *fill*         0x10010927        0x1 
 .bss.ble_user_event_cb
                0x10010928        0x4 src/ASF/thirdparty/wireless/ble_smart_sdk/ble_services/ble_mgr/ble_manager.o
                0x10010928                ble_user_event_cb
 .bss.event_params_memory
                0x1001092c     0x1000 src/ASF/thirdparty/wireless/ble_smart_sdk/ble_services/ble_mgr/ble_manager.o
                0x1001092c                event_params_memory
 .bss.event_pool_memory
                0x1001192c      0x400 src/ASF/thirdparty/wireless/ble_smart_sdk/ble_services/ble_mgr/ble_manager.o
                0x1001192c                event_pool_memory
 .bss.scan_response_count
                0x10011d2c        0x1 src/ASF/thirdparty/wireless/ble_smart_sdk/ble_services/ble_mgr/ble_manager.o
                0x10011d2c                scan_response_count
 .bss.read_status
                0x10011d2d        0x1 src/ASF/thirdparty/wireless/ble_smart_sdk/services/uart/console_serial.o
                0x10011d2d                read_status
 *fill*         0x10011d2e        0x2 
 .bss.string_input
                0x10011d30        0x1 src/ASF/thirdparty/wireless/ble_smart_sdk/services/uart/console_serial.o
                0x10011d30                string_input
 *fill*         0x10011d31        0x3 
 .bss.tick      0x10011d34        0x4 src/ASF/thirdparty/wireless/ble_smart_sdk/services/uart/console_serial.o
                0x10011d34                tick
 .bss.user_callback_func
                0x10011d38        0x4 src/ASF/thirdparty/wireless/ble_smart_sdk/services/uart/console_serial.o
                0x10011d38                user_callback_func
 .bss.platform_event_free_list
                0x10011d3c        0x4 src/ASF/thirdparty/wireless/ble_smart_sdk/src/event_handler.o
 .bss.platform_event_pending_list
                0x10011d40        0x4 src/ASF/thirdparty/wireless/ble_smart_sdk/src/event_handler.o
 .bss.platform_event_pool
                0x10011d44       0x78 src/ASF/thirdparty/wireless/ble_smart_sdk/src/event_handler.o
 .bss.InternalAppMsgQHandle
                0x10011dbc        0x4 src/ASF/thirdparty/wireless/ble_smart_sdk/src/platform_drv.o
 .bss.NMI_MsgQueueRecv
                0x10011dc0        0x4 src/ASF/thirdparty/wireless/ble_smart_sdk/src/platform_drv.o
 .bss.ble_stack_message_handler
                0x10011dc4        0x4 src/ASF/thirdparty/wireless/ble_smart_sdk/src/platform_drv.o
 .bss.gapm_get_id_from_task
                0x10011dc8        0x4 src/ASF/thirdparty/wireless/ble_smart_sdk/src/platform_drv.o
 .bss.gapm_get_task_from_id
                0x10011dcc        0x4 src/ASF/thirdparty/wireless/ble_smart_sdk/src/platform_drv.o
 .bss.gstrFwSem
                0x10011dd0        0x4 src/ASF/thirdparty/wireless/ble_smart_sdk/src/platform_drv.o
 .bss.ke_free   0x10011dd4        0x4 src/ASF/thirdparty/wireless/ble_smart_sdk/src/platform_drv.o
 .bss.ke_msg_alloc
                0x10011dd8        0x4 src/ASF/thirdparty/wireless/ble_smart_sdk/src/platform_drv.o
 .bss.ke_msg_hdr.12924
                0x10011ddc        0x4 src/ASF/thirdparty/wireless/ble_smart_sdk/src/platform_drv.o
 .bss.ke_msg_send
                0x10011de0        0x4 src/ASF/thirdparty/wireless/ble_smart_sdk/src/platform_drv.o
 .bss.os_sem_down
                0x10011de4        0x4 src/ASF/thirdparty/wireless/ble_smart_sdk/src/platform_drv.o
 .bss.os_sem_up
                0x10011de8        0x4 src/ASF/thirdparty/wireless/ble_smart_sdk/src/platform_drv.o
 .bss.platform_initialized
                0x10011dec        0x1 src/ASF/thirdparty/wireless/ble_smart_sdk/src/platform_drv.o
                0x10011dec                platform_initialized
 *fill*         0x10011ded        0x3 
 .bss.pwr_arm_wakeup_req
                0x10011df0        0x4 src/ASF/thirdparty/wireless/ble_smart_sdk/src/platform_drv.o
 .bss.pwr_disable_arm_wakeup
                0x10011df4        0x4 src/ASF/thirdparty/wireless/ble_smart_sdk/src/platform_drv.o
 .bss.pwr_enable_arm_wakeup
                0x10011df8        0x4 src/ASF/thirdparty/wireless/ble_smart_sdk/src/platform_drv.o
 .bss.pwr_wait_BLE_out_of_reset
                0x10011dfc        0x4 src/ASF/thirdparty/wireless/ble_smart_sdk/src/platform_drv.o
 .bss.rcv_msg.12923
                0x10011e00        0x4 src/ASF/thirdparty/wireless/ble_smart_sdk/src/platform_drv.o
 .bss.data_type
                0x10011e04        0x1 src/simple_broadcaster_app.o
                0x10011e04                data_type
 *fill*         0x10011e05        0x3 
 .bss.spare_event
                0x10011e08       0x10 ../src/ASF/thirdparty/wireless/ble_smart_sdk/lib/cm0/gcc\libblusdk.a(event.o)
 .bss.spare_event_busy
                0x10011e18        0x1 ../src/ASF/thirdparty/wireless/ble_smart_sdk/lib/cm0/gcc\libblusdk.a(event.o)
 *fill*         0x10011e19        0x3 
 .bss.event_pending_list
                0x10011e1c        0x4 ../src/ASF/thirdparty/wireless/ble_smart_sdk/lib/cm0/gcc\libblusdk.a(event.o)
 .bss.event_free_list
                0x10011e20        0x4 ../src/ASF/thirdparty/wireless/ble_smart_sdk/lib/cm0/gcc\libblusdk.a(event.o)
 .bss.u16GattcSeqNo
                0x10011e24        0x2 ../src/ASF/thirdparty/wireless/ble_smart_sdk/lib/cm0/gcc\libblusdk.a(gatt_client.o)
 *fill*         0x10011e26        0x2 
 .bss.pu8valuesBuffer
                0x10011e28        0x4 ../src/ASF/thirdparty/wireless/ble_smart_sdk/lib/cm0/gcc\libblusdk.a(gatt_server.o)
                0x10011e28                pu8valuesBuffer
 .bss.unNull    0x10011e2c        0x1 ../src/ASF/thirdparty/wireless/ble_smart_sdk/lib/cm0/gcc\libblusdk.a(gatt_server.o)
                0x10011e2c                unNull
 *fill*         0x10011e2d        0x3 
 .bss.ptstrattDb
                0x10011e30        0x4 ../src/ASF/thirdparty/wireless/ble_smart_sdk/lib/cm0/gcc\libblusdk.a(gatt_server.o)
                0x10011e30                ptstrattDb
 .bss.pu8valuesBufferEnd
                0x10011e34        0x4 ../src/ASF/thirdparty/wireless/ble_smart_sdk/lib/cm0/gcc\libblusdk.a(gatt_server.o)
                0x10011e34                pu8valuesBufferEnd
 .bss.u32numberOfValues
                0x10011e38        0x4 ../src/ASF/thirdparty/wireless/ble_smart_sdk/lib/cm0/gcc\libblusdk.a(gatt_server.o)
                0x10011e38                u32numberOfValues
 .bss.u32dbMemorySize
                0x10011e3c        0x4 ../src/ASF/thirdparty/wireless/ble_smart_sdk/lib/cm0/gcc\libblusdk.a(gatt_server.o)
                0x10011e3c                u32dbMemorySize
 .bss.service_setup_buffer
                0x10011e40        0x4 ../src/ASF/thirdparty/wireless/ble_smart_sdk/lib/cm0/gcc\libblusdk.a(gatt_server.o)
                0x10011e40                service_setup_buffer
 .bss.event_param_buff
                0x10011e44        0x4 ../src/ASF/thirdparty/wireless/ble_smart_sdk/lib/cm0/gcc\libblusdk.a(interface.o)
                0x10011e44                event_param_buff
 .bss.event_param_buff_length
                0x10011e48        0x4 ../src/ASF/thirdparty/wireless/ble_smart_sdk/lib/cm0/gcc\libblusdk.a(interface.o)
                0x10011e48                event_param_buff_length
 .bss.cmd_cmpl_flag
                0x10011e4c        0x4 ../src/ASF/thirdparty/wireless/ble_smart_sdk/lib/cm0/gcc\libblusdk.a(interface.o)
 .bss.dummy_key.7283
                0x10011e50       0x10 ../src/ASF/thirdparty/wireless/ble_smart_sdk/lib/cm0/gcc\libblusdk.a(gapc_task.o)
 .bss.dummy_key.7401
                0x10011e60       0x10 ../src/ASF/thirdparty/wireless/ble_smart_sdk/lib/cm0/gcc\libblusdk.a(gapc_task.o)
 .bss.dummy_key.7419
                0x10011e70       0x10 ../src/ASF/thirdparty/wireless/ble_smart_sdk/lib/cm0/gcc\libblusdk.a(gapc_task.o)
 .bss.peer_key_info
                0x10011e80       0x46 ../src/ASF/thirdparty/wireless/ble_smart_sdk/lib/cm0/gcc\libblusdk.a(gapc_task.o)
 .bss.g_seq_num_tx
                0x10011ec6        0x2 ../src/ASF/thirdparty/wireless/ble_smart_sdk/lib/cm0/gcc\libblusdk.a(gattc_task.o)
 .bss.Seq_NUM   0x10011ec8        0x2 ../src/ASF/thirdparty/wireless/ble_smart_sdk/lib/cm0/gcc\libblusdk.a(gattc_task.o)
                0x10011ec8                Seq_NUM
 *fill*         0x10011eca        0x2 
 .bss.u32usedBuffers
                0x10011ecc        0x4 ../src/ASF/thirdparty/wireless/ble_smart_sdk/lib/cm0/gcc\libblusdk.a(gattm_task.o)
                0x10011ecc                u32usedBuffers
 .bss.__malloc_free_list
                0x10011ed0        0x4 d:/program files (x86)/atmel/studio/7.0/toolchain/arm/arm-gnu-toolchain/bin/../lib/gcc/arm-none-eabi/6.3.1/../../../../arm-none-eabi/lib/thumb/v6-m\libc_nano.a(lib_a-nano-mallocr.o)
                0x10011ed0                __malloc_free_list
 .bss.__malloc_sbrk_start
                0x10011ed4        0x4 d:/program files (x86)/atmel/studio/7.0/toolchain/arm/arm-gnu-toolchain/bin/../lib/gcc/arm-none-eabi/6.3.1/../../../../arm-none-eabi/lib/thumb/v6-m\libc_nano.a(lib_a-nano-mallocr.o)
                0x10011ed4                __malloc_sbrk_start
 *(COMMON)
 COMMON         0x10011ed8        0x4 src/ASF/sam0/drivers/system/system_sam_b.o
                0x10011ed8                system_clock_value
 COMMON         0x10011edc        0x8 src/ASF/sam0/drivers/uart/uart.o
                0x10011edc                _uart_instances
 COMMON         0x10011ee4        0x4 src/ASF/sam0/utils/stdio/read.o
                0x10011ee4                ptr_get
 COMMON         0x10011ee8        0x8 src/ASF/sam0/utils/stdio/write.o
                0x10011ee8                ptr_put
                0x10011eec                stdio_base
 COMMON         0x10011ef0      0x840 src/ASF/thirdparty/wireless/ble_smart_sdk/ble_services/ble_mgr/ble_manager.o
                0x10011ef0                ble_mgr_htpt_event_cb
                0x10011ef4                ble_mgr_gatt_server_event_cb
                0x10011f08                ble_dev_info
                0x10012174                ble_device_count
                0x10012178                ble_mgr_dtm_event_cb
                0x1001218c                ble_mgr_gap_event_cb
                0x100121a0                ble_mgr_gatt_client_event_cb
                0x100121b4                connected_state_info
                0x100121c8                pf_cfg
                0x100121e4                event
                0x100121e8                ble_mgr_l2cap_event_cb
                0x100121ec                scan_info
                0x10012520                ble_event_params
                0x1001272c                ble_mgr_custom_event_cb
 COMMON         0x10012730       0x4c src/ASF/thirdparty/wireless/ble_smart_sdk/services/uart/console_serial.o
                0x10012730                uart_instance
                0x10012754                config_uart
 COMMON         0x1001277c      0x2ea src/ASF/thirdparty/wireless/ble_smart_sdk/src/platform_drv.o
                0x1001277c                default_samb11_clock_init
                0x10012784                rwip_prevent_sleep_set
                0x10012788                platform_unregister_isr
                0x1001278c                wakeup_event_pending
                0x10012790                rwip_prevent_sleep_clear
                0x10012794                actualfreq
                0x10012798                port_list
                0x100127cc                rx_buffer
                0x10012a4c                platform_register_isr
                0x10012a50                handle_ext_wakeup_isr
                0x10012a54                wakeup_source_active_cb
                0x10012a58                samb11_app_resume_cb
                0x10012a5c                updateuartbr_fp
                0x10012a60                apps_resume_cb
                0x10012a64                plf_event_buff_index
 *fill*         0x10012a66        0x2 
 COMMON         0x10012a68        0xc src/ASF/thirdparty/wireless/ble_smart_sdk/src/port_from_sdk.o
                0x10012a68                wakeup_source_callback
 COMMON         0x10012a74       0x40 src/simple_broadcaster_app.o
                0x10012a74                adv_length
                0x10012a78                scan_rsp_data
                0x10012a94                scan_length
                0x10012a98                adv_data
 COMMON         0x10012ab4        0xc ../src/ASF/thirdparty/wireless/ble_smart_sdk/lib/cm0/gcc\libblusdk.a(event.o)
                0x10012ab4                watched_event
 COMMON         0x10012ac0      0x16a ../src/ASF/thirdparty/wireless/ble_smart_sdk/lib/cm0/gcc\libblusdk.a(gap.o)
                0x10012ac0                app_task_type
                0x10012ac2                gstrConnData
                0x10012b52                device
 *fill*         0x10012c2a        0x2 
 COMMON         0x10012c2c      0x404 ../src/ASF/thirdparty/wireless/ble_smart_sdk/lib/cm0/gcc\libblusdk.a(interface.o)
                0x10012c2c                event_param_buff_index
                0x10012c30                dummy_buffer_buff
                0x10012e30                interface_send_msg
 COMMON         0x10013030        0x4 d:/program files (x86)/atmel/studio/7.0/toolchain/arm/arm-gnu-toolchain/bin/../lib/gcc/arm-none-eabi/6.3.1/../../../../arm-none-eabi/lib/thumb/v6-m\libc_nano.a(lib_a-reent.o)
                0x10013030                errno
                0x10013034                . = ALIGN (0x4)
                0x10013034                _ebss = .
                0x10013034                _ezero = .

.stack          0x10013034      0x804
                0x10013038                . = ALIGN (0x8)
 *fill*         0x10013034        0x4 
                0x10013038                _sstack = .
                0x10013838                . = (. + STACK_SIZE)
 *fill*         0x10013038      0x800 
                0x10013838                . = ALIGN (0x8)
                0x10013838                _estack = .
                [!provide]                PROVIDE (__exidx_start, .)

.ARM.exidx
 *(.ARM.exidx* .gnu.linkonce.armexidx.*)
                [!provide]                PROVIDE (__exidx_end, .)
                0x10013838                . = ALIGN (0x4)
                0x10013838                _end = .
OUTPUT(test_3.elf elf32-littlearm)

.ARM.attributes
                0x00000000       0x28
 .ARM.attributes
                0x00000000       0x1e d:/program files (x86)/atmel/studio/7.0/toolchain/arm/arm-gnu-toolchain/bin/../lib/gcc/arm-none-eabi/6.3.1/thumb/v6-m/crti.o
 .ARM.attributes
                0x0000001e       0x2c d:/program files (x86)/atmel/studio/7.0/toolchain/arm/arm-gnu-toolchain/bin/../lib/gcc/arm-none-eabi/6.3.1/thumb/v6-m/crtbegin.o
 .ARM.attributes
                0x0000004a       0x31 src/ASF/sam0/drivers/gpio/gpio.o
 .ARM.attributes
                0x0000007b       0x31 src/ASF/sam0/drivers/system/system_sam_b.o
 .ARM.attributes
                0x000000ac       0x31 src/ASF/sam0/drivers/uart/uart.o
 .ARM.attributes
                0x000000dd       0x31 src/ASF/sam0/utils/cmsis/samb11/source/gcc/startup_samb11.o
 .ARM.attributes
                0x0000010e       0x31 src/ASF/sam0/utils/stdio/read.o
 .ARM.attributes
                0x0000013f       0x31 src/ASF/sam0/utils/stdio/write.o
 .ARM.attributes
                0x00000170       0x31 src/ASF/sam0/utils/syscalls/gcc/syscalls.o
 .ARM.attributes
                0x000001a1       0x31 src/ASF/thirdparty/wireless/ble_smart_sdk/ble_services/ble_mgr/ble_manager.o
 .ARM.attributes
                0x000001d2       0x31 src/ASF/thirdparty/wireless/ble_smart_sdk/services/gpio/led.o
 .ARM.attributes
                0x00000203       0x31 src/ASF/thirdparty/wireless/ble_smart_sdk/services/uart/console_serial.o
 .ARM.attributes
                0x00000234       0x31 src/ASF/thirdparty/wireless/ble_smart_sdk/src/event_handler.o
 .ARM.attributes
                0x00000265       0x31 src/ASF/thirdparty/wireless/ble_smart_sdk/src/platform_drv.o
 .ARM.attributes
                0x00000296       0x31 src/ASF/thirdparty/wireless/ble_smart_sdk/src/port_from_sdk.o
 .ARM.attributes
                0x000002c7       0x31 src/simple_broadcaster_app.o
 .ARM.attributes
                0x000002f8       0x31 ../src/ASF/thirdparty/wireless/ble_smart_sdk/lib/cm0/gcc\libblusdk.a(event.o)
 .ARM.attributes
                0x00000329       0x31 ../src/ASF/thirdparty/wireless/ble_smart_sdk/lib/cm0/gcc\libblusdk.a(gap.o)
 .ARM.attributes
                0x0000035a       0x31 ../src/ASF/thirdparty/wireless/ble_smart_sdk/lib/cm0/gcc\libblusdk.a(gatt_client.o)
 .ARM.attributes
                0x0000038b       0x31 ../src/ASF/thirdparty/wireless/ble_smart_sdk/lib/cm0/gcc\libblusdk.a(gatt_server.o)
 .ARM.attributes
                0x000003bc       0x31 ../src/ASF/thirdparty/wireless/ble_smart_sdk/lib/cm0/gcc\libblusdk.a(l2cc_task.o)
 .ARM.attributes
                0x000003ed       0x31 ../src/ASF/thirdparty/wireless/ble_smart_sdk/lib/cm0/gcc\libblusdk.a(security.o)
 .ARM.attributes
                0x0000041e       0x31 ../src/ASF/thirdparty/wireless/ble_smart_sdk/lib/cm0/gcc\libblusdk.a(interface.o)
 .ARM.attributes
                0x0000044f       0x31 ../src/ASF/thirdparty/wireless/ble_smart_sdk/lib/cm0/gcc\libblusdk.a(dbg_task.o)
 .ARM.attributes
                0x00000480       0x31 ../src/ASF/thirdparty/wireless/ble_smart_sdk/lib/cm0/gcc\libblusdk.a(gapc_task.o)
 .ARM.attributes
                0x000004b1       0x31 ../src/ASF/thirdparty/wireless/ble_smart_sdk/lib/cm0/gcc\libblusdk.a(gapm_task.o)
 .ARM.attributes
                0x000004e2       0x31 ../src/ASF/thirdparty/wireless/ble_smart_sdk/lib/cm0/gcc\libblusdk.a(gattc_task.o)
 .ARM.attributes
                0x00000513       0x31 ../src/ASF/thirdparty/wireless/ble_smart_sdk/lib/cm0/gcc\libblusdk.a(gattm_task.o)
 .ARM.attributes
                0x00000544       0x31 ../src/ASF/thirdparty/wireless/ble_smart_sdk/lib/cm0/gcc\libblusdk.a(htpt_task.o)
 .ARM.attributes
                0x00000575       0x1e d:/program files (x86)/atmel/studio/7.0/toolchain/arm/arm-gnu-toolchain/bin/../lib/gcc/arm-none-eabi/6.3.1/thumb/v6-m\libgcc.a(_thumb1_case_sqi.o)
 .ARM.attributes
                0x00000593       0x1e d:/program files (x86)/atmel/studio/7.0/toolchain/arm/arm-gnu-toolchain/bin/../lib/gcc/arm-none-eabi/6.3.1/thumb/v6-m\libgcc.a(_thumb1_case_uqi.o)
 .ARM.attributes
                0x000005b1       0x1e d:/program files (x86)/atmel/studio/7.0/toolchain/arm/arm-gnu-toolchain/bin/../lib/gcc/arm-none-eabi/6.3.1/thumb/v6-m\libgcc.a(_udivsi3.o)
 .ARM.attributes
                0x000005cf       0x1e d:/program files (x86)/atmel/studio/7.0/toolchain/arm/arm-gnu-toolchain/bin/../lib/gcc/arm-none-eabi/6.3.1/thumb/v6-m\libgcc.a(_dvmd_tls.o)
 .ARM.attributes
                0x000005ed       0x2c d:/program files (x86)/atmel/studio/7.0/toolchain/arm/arm-gnu-toolchain/bin/../lib/gcc/arm-none-eabi/6.3.1/thumb/v6-m\libgcc.a(_fixunsdfsi.o)
 .ARM.attributes
                0x00000619       0x2c d:/program files (x86)/atmel/studio/7.0/toolchain/arm/arm-gnu-toolchain/bin/../lib/gcc/arm-none-eabi/6.3.1/thumb/v6-m\libgcc.a(muldf3.o)
 .ARM.attributes
                0x00000645       0x2c d:/program files (x86)/atmel/studio/7.0/toolchain/arm/arm-gnu-toolchain/bin/../lib/gcc/arm-none-eabi/6.3.1/thumb/v6-m\libgcc.a(subdf3.o)
 .ARM.attributes
                0x00000671       0x2c d:/program files (x86)/atmel/studio/7.0/toolchain/arm/arm-gnu-toolchain/bin/../lib/gcc/arm-none-eabi/6.3.1/thumb/v6-m\libgcc.a(fixdfsi.o)
 .ARM.attributes
                0x0000069d       0x2c d:/program files (x86)/atmel/studio/7.0/toolchain/arm/arm-gnu-toolchain/bin/../lib/gcc/arm-none-eabi/6.3.1/thumb/v6-m\libgcc.a(floatunsidf.o)
 .ARM.attributes
                0x000006c9       0x1e d:/program files (x86)/atmel/studio/7.0/toolchain/arm/arm-gnu-toolchain/bin/../lib/gcc/arm-none-eabi/6.3.1/thumb/v6-m\libgcc.a(_arm_cmpdf2.o)
 .ARM.attributes
                0x000006e7       0x1e d:/program files (x86)/atmel/studio/7.0/toolchain/arm/arm-gnu-toolchain/bin/../lib/gcc/arm-none-eabi/6.3.1/thumb/v6-m\libgcc.a(_clzsi2.o)
 .ARM.attributes
                0x00000705       0x2c d:/program files (x86)/atmel/studio/7.0/toolchain/arm/arm-gnu-toolchain/bin/../lib/gcc/arm-none-eabi/6.3.1/thumb/v6-m\libgcc.a(eqdf2.o)
 .ARM.attributes
                0x00000731       0x2c d:/program files (x86)/atmel/studio/7.0/toolchain/arm/arm-gnu-toolchain/bin/../lib/gcc/arm-none-eabi/6.3.1/thumb/v6-m\libgcc.a(gedf2.o)
 .ARM.attributes
                0x0000075d       0x2c d:/program files (x86)/atmel/studio/7.0/toolchain/arm/arm-gnu-toolchain/bin/../lib/gcc/arm-none-eabi/6.3.1/thumb/v6-m\libgcc.a(ledf2.o)
 .ARM.attributes
                0x00000789       0x2c d:/program files (x86)/atmel/studio/7.0/toolchain/arm/arm-gnu-toolchain/bin/../lib/gcc/arm-none-eabi/6.3.1/../../../../arm-none-eabi/lib/thumb/v6-m\libc_nano.a(lib_a-impure.o)
 .ARM.attributes
                0x000007b5       0x2c d:/program files (x86)/atmel/studio/7.0/toolchain/arm/arm-gnu-toolchain/bin/../lib/gcc/arm-none-eabi/6.3.1/../../../../arm-none-eabi/lib/thumb/v6-m\libc_nano.a(lib_a-init.o)
 .ARM.attributes
                0x000007e1       0x2c d:/program files (x86)/atmel/studio/7.0/toolchain/arm/arm-gnu-toolchain/bin/../lib/gcc/arm-none-eabi/6.3.1/../../../../arm-none-eabi/lib/thumb/v6-m\libc_nano.a(lib_a-memcmp.o)
 .ARM.attributes
                0x0000080d       0x2c d:/program files (x86)/atmel/studio/7.0/toolchain/arm/arm-gnu-toolchain/bin/../lib/gcc/arm-none-eabi/6.3.1/../../../../arm-none-eabi/lib/thumb/v6-m\libc_nano.a(lib_a-memcpy-stub.o)
 .ARM.attributes
                0x00000839       0x2c d:/program files (x86)/atmel/studio/7.0/toolchain/arm/arm-gnu-toolchain/bin/../lib/gcc/arm-none-eabi/6.3.1/../../../../arm-none-eabi/lib/thumb/v6-m\libc_nano.a(lib_a-memset.o)
 .ARM.attributes
                0x00000865       0x2c d:/program files (x86)/atmel/studio/7.0/toolchain/arm/arm-gnu-toolchain/bin/../lib/gcc/arm-none-eabi/6.3.1/../../../../arm-none-eabi/lib/thumb/v6-m\libc_nano.a(lib_a-printf.o)
 .ARM.attributes
                0x00000891       0x2c d:/program files (x86)/atmel/studio/7.0/toolchain/arm/arm-gnu-toolchain/bin/../lib/gcc/arm-none-eabi/6.3.1/../../../../arm-none-eabi/lib/thumb/v6-m\libc_nano.a(lib_a-putchar.o)
 .ARM.attributes
                0x000008bd       0x2c d:/program files (x86)/atmel/studio/7.0/toolchain/arm/arm-gnu-toolchain/bin/../lib/gcc/arm-none-eabi/6.3.1/../../../../arm-none-eabi/lib/thumb/v6-m\libc_nano.a(lib_a-puts.o)
 .ARM.attributes
                0x000008e9       0x2c d:/program files (x86)/atmel/studio/7.0/toolchain/arm/arm-gnu-toolchain/bin/../lib/gcc/arm-none-eabi/6.3.1/../../../../arm-none-eabi/lib/thumb/v6-m\libc_nano.a(lib_a-rand.o)
 .ARM.attributes
                0x00000915       0x2c d:/program files (x86)/atmel/studio/7.0/toolchain/arm/arm-gnu-toolchain/bin/../lib/gcc/arm-none-eabi/6.3.1/../../../../arm-none-eabi/lib/thumb/v6-m\libc_nano.a(lib_a-setbuf.o)
 .ARM.attributes
                0x00000941       0x2c d:/program files (x86)/atmel/studio/7.0/toolchain/arm/arm-gnu-toolchain/bin/../lib/gcc/arm-none-eabi/6.3.1/../../../../arm-none-eabi/lib/thumb/v6-m\libc_nano.a(lib_a-setvbuf.o)
 .ARM.attributes
                0x0000096d       0x2c d:/program files (x86)/atmel/studio/7.0/toolchain/arm/arm-gnu-toolchain/bin/../lib/gcc/arm-none-eabi/6.3.1/../../../../arm-none-eabi/lib/thumb/v6-m\libc_nano.a(lib_a-wbuf.o)
 .ARM.attributes
                0x00000999       0x2c d:/program files (x86)/atmel/studio/7.0/toolchain/arm/arm-gnu-toolchain/bin/../lib/gcc/arm-none-eabi/6.3.1/../../../../arm-none-eabi/lib/thumb/v6-m\libc_nano.a(lib_a-wsetup.o)
 .ARM.attributes
                0x000009c5       0x2c d:/program files (x86)/atmel/studio/7.0/toolchain/arm/arm-gnu-toolchain/bin/../lib/gcc/arm-none-eabi/6.3.1/../../../../arm-none-eabi/lib/thumb/v6-m\libc_nano.a(lib_a-fflush.o)
 .ARM.attributes
                0x000009f1       0x2c d:/program files (x86)/atmel/studio/7.0/toolchain/arm/arm-gnu-toolchain/bin/../lib/gcc/arm-none-eabi/6.3.1/../../../../arm-none-eabi/lib/thumb/v6-m\libc_nano.a(lib_a-findfp.o)
 .ARM.attributes